Component: Arm Compiler for Embedded 6.19 Tool: armlink [5e73cb00]

==============================================================================

Section Cross References

    main.o(.ARM.exidx.text.LCD_DelayUs) refers to main.o(.text.LCD_DelayUs) for [Anonymous Symbol]
    main.o(.text.LCD_PulseEnable) refers to main.o(.text.LCD_DelayUs) for LCD_DelayUs
    main.o(.ARM.exidx.text.LCD_PulseEnable) refers to main.o(.text.LCD_PulseEnable) for [Anonymous Symbol]
    main.o(.text.LCD_SendByte) refers to main.o(.text.LCD_PulseEnable) for LCD_PulseEnable
    main.o(.ARM.exidx.text.LCD_SendByte) refers to main.o(.text.LCD_SendByte) for [Anonymous Symbol]
    main.o(.text.LCD_Command) refers to main.o(.text.LCD_SendByte) for LCD_SendByte
    main.o(.text.LCD_Command) refers to main.o(.text.LCD_DelayUs) for LCD_DelayUs
    main.o(.ARM.exidx.text.LCD_Command) refers to main.o(.text.LCD_Command) for [Anonymous Symbol]
    main.o(.text.LCD_Data) refers to main.o(.text.LCD_SendByte) for LCD_SendByte
    main.o(.text.LCD_Data) refers to main.o(.text.LCD_DelayUs) for LCD_DelayUs
    main.o(.ARM.exidx.text.LCD_Data) refers to main.o(.text.LCD_Data) for [Anonymous Symbol]
    main.o(.text.LCD_Print) refers to main.o(.text.LCD_Data) for LCD_Data
    main.o(.ARM.exidx.text.LCD_Print) refers to main.o(.text.LCD_Print) for [Anonymous Symbol]
    main.o(.text.LCD_Init) refers to main.o(.text.LCD_DelayUs) for LCD_DelayUs
    main.o(.text.LCD_Init) refers to main.o(.text.LCD_Command) for LCD_Command
    main.o(.ARM.exidx.text.LCD_Init) refers to main.o(.text.LCD_Init) for [Anonymous Symbol]
    main.o(.ARM.exidx.text.InitRGB) refers to main.o(.text.InitRGB) for [Anonymous Symbol]
    main.o(.ARM.exidx.text.InitUltrasonic) refers to main.o(.text.InitUltrasonic) for [Anonymous Symbol]
    main.o(.ARM.exidx.text.MeasureDistance) refers to main.o(.text.MeasureDistance) for [Anonymous Symbol]
    main.o(.ARM.exidx.text.InitADC) refers to main.o(.text.InitADC) for [Anonymous Symbol]
    main.o(.ARM.exidx.text.ReadADC) refers to main.o(.text.ReadADC) for [Anonymous Symbol]
    main.o(.ARM.exidx.text.InitBuzzer) refers to main.o(.text.InitBuzzer) for [Anonymous Symbol]
    main.o(.text.BeepBuzzer) refers to lludivv7m.o(.text) for __aeabi_uldivmod
    main.o(.text.BeepBuzzer) refers to tasks.o(.text.vTaskDelay) for vTaskDelay
    main.o(.ARM.exidx.text.BeepBuzzer) refers to main.o(.text.BeepBuzzer) for [Anonymous Symbol]
    main.o(.text.InitInputs) refers to main.o(.text.__NVIC_EnableIRQ) for __NVIC_EnableIRQ
    main.o(.ARM.exidx.text.InitInputs) refers to main.o(.text.InitInputs) for [Anonymous Symbol]
    main.o(.ARM.exidx.text.__NVIC_EnableIRQ) refers to main.o(.text.__NVIC_EnableIRQ) for [Anonymous Symbol]
    main.o(.text.GPIOE_Handler) refers to main.o(.bss.doorsLocked) for doorsLocked
    main.o(.text.GPIOE_Handler) refers to main.o(.bss.doorEvent) for doorEvent
    main.o(.ARM.exidx.text.GPIOE_Handler) refers to main.o(.text.GPIOE_Handler) for [Anonymous Symbol]
    main.o(.text.GPIOD_Handler) refers to main.o(.bss.ignitionOn) for ignitionOn
    main.o(.text.GPIOD_Handler) refers to main.o(.bss.ignitionEvent) for ignitionEvent
    main.o(.ARM.exidx.text.GPIOD_Handler) refers to main.o(.text.GPIOD_Handler) for [Anonymous Symbol]
    main.o(.text.GPIOC_Handler) refers to main.o(.data.gearState) for gearState
    main.o(.text.GPIOC_Handler) refers to main.o(.rodata.str1.1) for .L.str
    main.o(.text.GPIOC_Handler) refers to strcpy.o(.text) for strcpy
    main.o(.text.GPIOC_Handler) refers to main.o(.bss.gearEvent) for gearEvent
    main.o(.ARM.exidx.text.GPIOC_Handler) refers to main.o(.text.GPIOC_Handler) for [Anonymous Symbol]
    main.o(.text.vUltrasonicTask) refers to main.o(.bss.ignitionOn) for ignitionOn
    main.o(.text.vUltrasonicTask) refers to main.o(.text.MeasureDistance) for MeasureDistance
    main.o(.text.vUltrasonicTask) refers to main.o(.bss.distanceValue) for distanceValue
    main.o(.text.vUltrasonicTask) refers to tasks.o(.text.vTaskDelay) for vTaskDelay
    main.o(.ARM.exidx.text.vUltrasonicTask) refers to main.o(.text.vUltrasonicTask) for [Anonymous Symbol]
    main.o(.text.vSpeedTask) refers to main.o(.bss.ignitionOn) for ignitionOn
    main.o(.text.vSpeedTask) refers to main.o(.text.ReadADC) for ReadADC
    main.o(.text.vSpeedTask) refers to main.o(.bss.speedValue) for speedValue
    main.o(.text.vSpeedTask) refers to main.o(.bss.doorsLocked) for doorsLocked
    main.o(.text.vSpeedTask) refers to main.o(.bss.doorEvent) for doorEvent
    main.o(.text.vSpeedTask) refers to tasks.o(.text.vTaskDelay) for vTaskDelay
    main.o(.ARM.exidx.text.vSpeedTask) refers to main.o(.text.vSpeedTask) for [Anonymous Symbol]
    main.o(.text.vBuzzerTask) refers to main.o(.bss.ignitionOn) for ignitionOn
    main.o(.text.vBuzzerTask) refers to main.o(.bss.distanceValue) for distanceValue
    main.o(.text.vBuzzerTask) refers to main.o(.text.BeepBuzzer) for BeepBuzzer
[...]
    [Anonymous Symbol]                       0x20002c80   Section        0  tasks.o(.bss.xPendedTicks)
    xPendingReadyList                        0x20002c84   Data          20  tasks.o(.bss.xPendingReadyList)
    [Anonymous Symbol]                       0x20002c84   Section        0  tasks.o(.bss.xPendingReadyList)
    xSchedulerRunning                        0x20002c98   Data           4  tasks.o(.bss.xSchedulerRunning)
    [Anonymous Symbol]                       0x20002c98   Section        0  tasks.o(.bss.xSchedulerRunning)
    xStart                                   0x20002c9c   Data           8  heap_4.o(.bss.xStart)
    [Anonymous Symbol]                       0x20002c9c   Section        0  heap_4.o(.bss.xStart)
    xSuspendedTaskList                       0x20002ca4   Data          20  tasks.o(.bss.xSuspendedTaskList)
    [Anonymous Symbol]                       0x20002ca4   Section        0  tasks.o(.bss.xSuspendedTaskList)
    xTasksWaitingTermination                 0x20002cb8   Data          20  tasks.o(.bss.xTasksWaitingTermination)
    [Anonymous Symbol]                       0x20002cb8   Section        0  tasks.o(.bss.xTasksWaitingTermination)
    xTickCount                               0x20002ccc   Data           4  tasks.o(.bss.xTickCount)
    [Anonymous Symbol]                       0x20002ccc   Section        0  tasks.o(.bss.xTickCount)
    xTimerQueue                              0x20002cd0   Data           4  timers.o(.bss.xTimerQueue)
    [Anonymous Symbol]                       0x20002cd0   Section        0  timers.o(.bss.xTimerQueue)
    xTimerTaskHandle                         0x20002cd4   Data           4  timers.o(.bss.xTimerTaskHandle)
    [Anonymous Symbol]                       0x20002cd4   Section        0  timers.o(.bss.xTimerTaskHandle)
    xYieldPendings                           0x20002cd8   Data           4  tasks.o(.bss.xYieldPendings)
    [Anonymous Symbol]                       0x20002cd8   Section        0  tasks.o(.bss.xYieldPendings)
    Heap_Mem                                 0x20002ce0   Data           0  startup_tm4c123.o(HEAP)
    Stack_Mem                                0x20002ce0   Data         512  startup_tm4c123.o(STACK)
    HEAP                                     0x20002ce0   Section        0  startup_tm4c123.o(HEAP)
    STACK                                    0x20002ce0   Section      512  startup_tm4c123.o(STACK)
    __initial_sp                             0x20002ee0   Data           0  startup_tm4c123.o(STACK)

    Global Symbols

    Symbol Name                              Value     Ov Type        Size  Object(Section)

    BuildAttributes$$THM_ISAv4$E$P$D$K$B$S$7EM$VFPi3$EXTD16$VFPS$VFMA$PE$A:L22UL41UL21$X:L11$S22US41US21$IEEE1$IW$~IW$USESV6$~STKCKD$USESV7$~SHL$OTIME$ROPI$IEEEJ$EBA8$UX$STANDARDLIB$REQ8$PRES8$EABIv2 0x00000000   Number         0  anon$$obj.o ABSOLUTE
    __Vectors                                0x00000000   Data           4  startup_tm4c123.o(RESET)
    _printf_flags                            0x00000000   Number         0  printf_stubs.o ABSOLUTE
    _printf_return_value                     0x00000000   Number         0  printf_stubs.o ABSOLUTE
    _printf_sizespec                         0x00000000   Number         0  printf_stubs.o ABSOLUTE
    _printf_widthprec                        0x00000000   Number         0  printf_stubs.o ABSOLUTE
    __ARM_exceptions_init                     - Undefined Weak Reference
    __alloca_initialize                       - Undefined Weak Reference
    __arm_preinit_                            - Undefined Weak Reference
    __arm_relocate_pie_                       - Undefined Weak Reference
    __cpp_initialize__aeabi_                  - Undefined Weak Reference
    __cxa_finalize                            - Undefined Weak Reference
    __sigvec_lookup                           - Undefined Weak Reference
    _atexit_init                              - Undefined Weak Reference
    _call_atexit_fns                          - Undefined Weak Reference
    _clock_init                               - Undefined Weak Reference
    _fp_trap_init                             - Undefined Weak Reference
    _fp_trap_shutdown                         - Undefined Weak Reference
    _get_lc_collate                           - Undefined Weak Reference
    _get_lc_monetary                          - Undefined Weak Reference
    _get_lc_time                              - Undefined Weak Reference
    _getenv_init                              - Undefined Weak Reference
    _handle_redirection                       - Undefined Weak Reference
    _init_alloc                               - Undefined Weak Reference
    _init_user_alloc                          - Undefined Weak Reference
    _initio                                   - Undefined Weak Reference
    _printf_mbtowc                            - Undefined Weak Reference
    _printf_wc                                - Undefined Weak Reference
    _rand_init                                - Undefined Weak Reference
    _signal_finish                            - Undefined Weak Reference
    _signal_init                              - Undefined Weak Reference
    _terminate_alloc                          - Undefined Weak Reference
    _terminate_user_alloc                     - Undefined Weak Reference
    _terminateio                              - Undefined Weak Reference
    __Vectors_End                            0x0000026c   Data           0  startup_tm4c123.o(RESET)
    __Vectors_Size                           0x0000026c   Number         0  startup_tm4c123.o ABSOLUTE
    __main                                   0x0000026d   Thumb Code     8  __main.o(!!!main)
    __scatterload                            0x00000275   Thumb Code     0  __scatter.o(!!!scatter)
    __scatterload_rt2                        0x00000275   Thumb Code    44  __scatter.o(!!!scatter)
    __scatterload_rt2_thumb_only             0x00000275   Thumb Code     0  __scatter.o(!!!scatter)
    __scatterload_null                       0x00000283   Thumb Code     0  __scatter.o(!!!scatter)
    __scatterload_copy                       0x000002a9   Thumb Code    26  __scatter_copy.o(!!handler_copy)
    __scatterload_zeroinit                   0x000002c5   Thumb Code    28  __scatter_zi.o(!!handler_zi)
    _printf_n                                0x000002e1   Thumb Code     0  _printf_n.o(.ARM.Collect$$_printf_percent$$00000001)
    _printf_percent                          0x000002e1   Thumb Code     0  _printf_percent.o(.ARM.Collect$$_printf_percent$$00000000)
    _printf_p                                0x000002e7   Thumb Code     0  _printf_p.o(.ARM.Collect$$_printf_percent$$00000002)
    _printf_f                                0x000002ed   Thumb Code     0  _printf_f.o(.ARM.Collect$$_printf_percent$$00000003)
    _printf_e                                0x000002f3   Thumb Code     0  _printf_e.o(.ARM.Collect$$_printf_percent$$00000004)
    _printf_g                                0x000002f9   Thumb Code     0  _printf_g.o(.ARM.Collect$$_printf_percent$$00000005)
    _printf_a                                0x000002ff   Thumb Code     0  _printf_a.o(.ARM.Collect$$_printf_percent$$00000006)
    _printf_ll                               0x00000305   Thumb Code     0  _printf_ll.o(.ARM.Collect$$_printf_percent$$00000007)
    _printf_i                                0x0000030f   Thumb Code     0  _printf_i.o(.ARM.Collect$$_printf_percent$$00000008)
    _printf_d                                0x00000315   Thumb Code     0  _printf_d.o(.ARM.Collect$$_printf_percent$$00000009)
    _printf_u                                0x0000031b   Thumb Code     0  _printf_u.o(.ARM.Collect$$_printf_percent$$0000000A)
    _printf_o                                0x00000321   Thumb Code     0  _printf_o.o(.ARM.Collect$$_printf_percent$$0000000B)
    _printf_x                                0x00000327   Thumb Code     0  _printf_x.o(.ARM.Collect$$_printf_percent$$0000000C)
    _printf_lli                              0x0000032d   Thumb Code     0  _printf_lli.o(.ARM.Collect$$_printf_percent$$0000000D)
    _printf_lld                              0x00000333   Thumb Code     0  _printf_lld.o(.ARM.Collect$$_printf_percent$$0000000E)
    _printf_llu                              0x00000339   Thumb Code     0  _printf_llu.o(.ARM.Collect$$_printf_percent$$0000000F)
    _printf_llo                              0x0000033f   Thumb Code     0  _printf_llo.o(.ARM.Collect$$_printf_percent$$00000010)
    _printf_llx                              0x00000345   Thumb Code     0  _printf_llx.o(.ARM.Collect$$_printf_percent$$00000011)
    _printf_l                                0x0000034b   Thumb Code     0  _printf_l.o(.ARM.Collect$$_printf_percent$$00000012)
    _printf_c                                0x00000355   Thumb Code     0  _printf_c.o(.ARM.Collect$$_printf_percent$$00000013)
    _printf_s                                0x0000035b   Thumb Code     0  _printf_s.o(.ARM.Collect$$_printf_percent$$00000014)
    _printf_lc                               0x00000361   Thumb Code     0  _printf_lc.o(.ARM.Collect$$_printf_percent$$00000015)
    _printf_ls                               0x00000367   Thumb Code     0  _printf_ls.o(.ARM.Collect$$_printf_percent$$00000016)
    _printf_percent_end                      0x0000036d   Thumb Code     0  _printf_percent_end.o(.ARM.Collect$$_printf_percent$$00000017)
    __rt_lib_init                            0x00000371   Thumb Code     0  libinit.o(.ARM.Collect$$libinit$$00000000)
    __rt_lib_init_fp_1                       0x00000373   Thumb Code     0  libinit2.o(.ARM.Collect$$libinit$$00000001)
    __rt_lib_init_heap_1                     0x00000377   Thumb Code     0  libinit2.o(.ARM.Collect$$libinit$$0000000C)
    __rt_lib_init_lc_common                  0x00000377   Thumb Code     0  libinit2.o(.ARM.Collect$$libinit$$00000011)
    __rt_lib_init_preinit_1                  0x00000377   Thumb Code     0  libinit2.o(.ARM.Collect$$libinit$$00000006)
    __rt_lib_init_rand_1                     0x00000377   Thumb Code     0  libinit2.o(.ARM.Collect$$libinit$$00000010)
    __rt_lib_init_relocate_pie_1             0x00000377   Thumb Code     0  libinit2.o(.ARM.Collect$$libinit$$00000004)
    __rt_lib_init_user_alloc_1               0x00000377   Thumb Code     0  libinit2.o(.ARM.Collect$$libinit$$0000000E)
    __rt_lib_init_lc_collate_1               0x0000037d   Thumb Code     0  libinit2.o(.ARM.Collect$$libinit$$00000013)
    __rt_lib_init_lc_ctype_2                 0x0000037d   Thumb Code     0  libinit2.o(.ARM.Collect$$libinit$$00000014)
    __rt_lib_init_lc_ctype_1                 0x00000389   Thumb Code     0  libinit2.o(.ARM.Collect$$libinit$$00000015)
    __rt_lib_init_lc_monetary_1              0x00000389   Thumb Code     0  libinit2.o(.ARM.Collect$$libinit$$00000017)
    __rt_lib_init_lc_numeric_2               0x00000389   Thumb Code     0  libinit2.o(.ARM.Collect$$libinit$$00000018)
    __rt_lib_init_alloca_1                   0x00000393   Thumb Code     0  libinit2.o(.ARM.Collect$$libinit$$00000030)
    __rt_lib_init_argv_1                     0x00000393   Thumb Code     0  libinit2.o(.ARM.Collect$$libinit$$0000002E)
    __rt_lib_init_atexit_1                   0x00000393   Thumb Code     0  libinit2.o(.ARM.Collect$$libinit$$0000001D)
    __rt_lib_init_clock_1                    0x00000393   Thumb Code     0  libinit2.o(.ARM.Collect$$libinit$$00000023)
    __rt_lib_init_cpp_1                      0x00000393   Thumb Code     0  libinit2.o(.ARM.Collect$$libinit$$00000034)
    __rt_lib_init_exceptions_1               0x00000393   Thumb Code     0  libinit2.o(.ARM.Collect$$libinit$$00000032)
    __rt_lib_init_fp_trap_1                  0x00000393   Thumb Code     0  libinit2.o(.ARM.Collect$$libinit$$00000021)
    __rt_lib_init_getenv_1                   0x00000393   Thumb Code     0  libinit2.o(.ARM.Collect$$libinit$$00000025)
    __rt_lib_init_lc_numeric_1               0x00000393   Thumb Code     0  libinit2.o(.ARM.Collect$$libinit$$00000019)
    __rt_lib_init_lc_time_1                  0x00000393   Thumb Code     0  libinit2.o(.ARM.Collect$$libinit$$0000001B)
    __rt_lib_init_return                     0x00000393   Thumb Code     0  libinit2.o(.ARM.Collect$$libinit$$00000035)
    __rt_lib_init_signal_1                   0x00000393   Thumb Code     0  libinit2.o(.ARM.Collect$$libinit$$0000001F)
    __rt_lib_init_stdio_1                    0x00000393   Thumb Code     0  libinit2.o(.ARM.Collect$$libinit$$00000027)
    __rt_lib_shutdown                        0x00000395   Thumb Code     0  libshutdown.o(.ARM.Collect$$libshutdown$$00000000)
    __rt_lib_shutdown_cpp_1                  0x00000397   Thumb Code     0  libshutdown2.o(.ARM.Collect$$libshutdown$$00000002)
    __rt_lib_shutdown_fp_trap_1              0x00000397   Thumb Code     0  libshutdown2.o(.ARM.Collect$$libshutdown$$00000007)
    __rt_lib_shutdown_heap_1                 0x00000397   Thumb Code     0  libshutdown2.o(.ARM.Collect$$libshutdown$$0000000F)
    __rt_lib_shutdown_return                 0x00000397   Thumb Code     0  libshutdown2.o(.ARM.Collect$$libshutdown$$00000010)
    __rt_lib_shutdown_signal_1               0x00000397   Thumb Code     0  libshutdown2.o(.ARM.Collect$$libshutdown$$0000000A)
    __rt_lib_shutdown_stdio_1                0x00000397   Thumb Code     0  libshutdown2.o(.ARM.Collect$$libshutdown$$00000004)
    __rt_lib_shutdown_user_alloc_1           0x00000397   Thumb Code     0  libshutdown2.o(.ARM.Collect$$libshutdown$$0000000C)
    __rt_entry                               0x00000399   Thumb Code     0  __rtentry.o(.ARM.Collect$$rtentry$$00000000)
    __rt_entry_presh_1                       0x00000399   Thumb Code     0  __rtentry2.o(.ARM.Collect$$rtentry$$00000002)
    __rt_entry_sh                            0x00000399   Thumb Code     0  __rtentry4.o(.ARM.Collect$$rtentry$$00000004)
    __rt_entry_postsh_1                      0x0000039f   Thumb Code     0  __rtentry2.o(.ARM.Collect$$rtentry$$00000008)
    __rt_entry_li                            0x000003a7   Thumb Code     0  __rtentry2.o(.ARM.Collect$$rtentry$$0000000A)
    __rt_entry_main                          0x000003ab   Thumb Code     0  __rtentry2.o(.ARM.Collect$$rtentry$$0000000D)
    __rt_entry_postli_1                      0x000003ab   Thumb Code     0  __rtentry2.o(.ARM.Collect$$rtentry$$0000000C)
    __rt_exit                                0x000003b3   Thumb Code     0  rtexit.o(.ARM.Collect$$rtexit$$00000000)
    __rt_exit_ls                             0x000003b5   Thumb Code     0  rtexit2.o(.ARM.Collect$$rtexit$$00000003)
    __rt_exit_prels_1                        0x000003b5   Thumb Code     0  rtexit2.o(.ARM.Collect$$rtexit$$00000002)
    __rt_exit_exit                           0x000003b9   Thumb Code     0  rtexit2.o(.ARM.Collect$$rtexit$$00000004)
    Reset_Handler                            0x000003c1   Thumb Code     8  startup_tm4c123.o(.text)
    NMI_Handler                              0x000003c9   Thumb Code     2  startup_tm4c123.o(.text)
    HardFault_Handler                        0x000003cb   Thumb Code     2  startup_tm4c123.o(.text)
    MemManage_Handler                        0x000003cd   Thumb Code     2  startup_tm4c123.o(.text)
    BusFault_Handler                         0x000003cf   Thumb Code     2  startup_tm4c123.o(.text)
    UsageFault_Handler                       0x000003d1   Thumb Code     2  startup_tm4c123.o(.text)
    DebugMon_Handler                         0x000003d5   Thumb Code     2  startup_tm4c123.o(.text)
    GPIOA_Handler                            0x000003db   Thumb Code     2  startup_tm4c123.o(.text)
    GPIOB_Handler                            0x000003dd   Thumb Code     2  startup_tm4c123.o(.text)
    UART0_Handler                            0x000003e5   Thumb Code     2  startup_tm4c123.o(.text)
    UART1_Handler                            0x000003e7   Thumb Code     2  startup_tm4c123.o(.text)
    SSI0_Handler                             0x000003e9   Thumb Code     2  startup_tm4c123.o(.text)
    I2C0_Handler                             0x000003eb   Thumb Code     2  startup_tm4c123.o(.text)
    PMW0_FAULT_Handler                       0x000003ed   Thumb Code     2  startup_tm4c123.o(.text)
    PWM0_0_Handler                           0x000003ef   Thumb Code     2  startup_tm4c123.o(.text)
    PWM0_1_Handler                           0x000003f1   Thumb Code     2  startup_tm4c123.o(.text)
    PWM0_2_Handler                           0x000003f3   Thumb Code     2  startup_tm4c123.o(.text)
    QEI0_Handler                             0x000003f5   Thumb Code     2  startup_tm4c123.o(.text)
    ADC0SS0_Handler                          0x000003f7   Thumb Code     2  startup_tm4c123.o(.text)
    ADC0SS1_Handler                          0x000003f9   Thumb Code     2  startup_tm4c123.o(.text)
    ADC0SS2_Handler                          0x000003fb   Thumb Code     2  startup_tm4c123.o(.text)
    ADC0SS3_Handler                          0x000003fd   Thumb Code     2  startup_tm4c123.o(.text)
    WDT0_Handler                             0x000003ff   Thumb Code     2  startup_tm4c123.o(.text)
    TIMER0A_Handler                          0x00000401   Thumb Code     2  startup_tm4c123.o(.text)
    TIMER0B_Handler                          0x00000403   Thumb Code     2  startup_tm4c123.o(.text)
    TIMER1A_Handler                          0x00000405   Thumb Code     2  startup_tm4c123.o(.text)
    TIMER1B_Handler                          0x00000407   Thumb Code     2  startup_tm4c123.o(.text)
    TIMER2A_Handler                          0x00000409   Thumb Code     2  startup_tm4c123.o(.text)
    TIMER2B_Handler                          0x0000040b   Thumb Code     2  startup_tm4c123.o(.text)
    COMP0_Handler                            0x0000040d   Thumb Code     2  startup_tm4c123.o(.text)
    COMP1_Handler                            0x0000040f   Thumb Code     2  startup_tm4c123.o(.text)
    COMP2_Handler                            0x00000411   Thumb Code     2  startup_tm4c123.o(.text)
    SYSCTL_Handler                           0x00000413   Thumb Code     2  startup_tm4c123.o(.text)
    FLASH_Handler                            0x00000415   Thumb Code     2  startup_tm4c123.o(.text)
    GPIOF_Handler                            0x00000417   Thumb Code     2  startup_tm4c123.o(.text)
    GPIOG_Handler                            0x00000419   Thumb Code     2  startup_tm4c123.o(.text)
    GPIOH_Handler                            0x0000041b   Thumb Code     2  startup_tm4c123.o(.text)
    UART2_Handler                            0x0000041d   Thumb Code     2  startup_tm4c123.o(.text)
    SSI1_Handler                             0x0000041f   Thumb Code     2  startup_tm4c123.o(.text)
    TIMER3A_Handler                          0x00000421   Thumb Code     2  startup_tm4c123.o(.text)
    TIMER3B_Handler                          0x00000423   Thumb Code     2  startup_tm4c123.o(.text)
    I2C1_Handler                             0x00000425   Thumb Code     2  startup_tm4c123.o(.text)
    QEI1_Handler                             0x00000427   Thumb Code     2  startup_tm4c123.o(.text)
    CAN0_Handler                             0x00000429   Thumb Code     2  startup_tm4c123.o(.text)
    CAN1_Handler                             0x0000042b   Thumb Code     2  startup_tm4c123.o(.text)
    CAN2_Handler                             0x0000042d   Thumb Code     2  startup_tm4c123.o(.text)
    HIB_Handler                              0x0000042f   Thumb Code     2  startup_tm4c123.o(.text)
    USB0_Handler                             0x00000431   Thumb Code     2  startup_tm4c123.o(.text)
    PWM0_3_Handler                           0x00000433   Thumb Code     2  startup_tm4c123.o(.text)
    UDMA_Handler                             0x00000435   Thumb Code     2  startup_tm4c123.o(.text)
    UDMAERR_Handler                          0x00000437   Thumb Code     2  startup_tm4c123.o(.text)
    ADC1SS0_Handler                          0x00000439   Thumb Code     2  startup_tm4c123.o(.text)
    ADC1SS1_Handler                          0x0000043b   Thumb Code     2  startup_tm4c123.o(.text)
    ADC1SS2_Handler                          0x0000043d   Thumb Code     2  startup_tm4c123.o(.text)
    ADC1SS3_Handler                          0x0000043f   Thumb Code     2  startup_tm4c123.o(.text)
    GPIOJ_Handler                            0x00000441   Thumb Code     2  startup_tm4c123.o(.text)
    GPIOK_Handler                            0x00000443   Thumb Code     2  startup_tm4c123.o(.text)
    GPIOL_Handler                            0x00000445   Thumb Code     2  startup_tm4c123.o(.text)
    SSI2_Handler                             0x00000447   Thumb Code     2  startup_tm4c123.o(.text)
    SSI3_Handler                             0x00000449   Thumb Code     2  startup_tm4c123.o(.text)
    UART3_Handler                            0x0000044b   Thumb Code     2  startup_tm4c123.o(.text)
    UART4_Handler                            0x0000044d   Thumb Code     2  startup_tm4c123.o(.text)
    UART5_Handler                            0x0000044f   Thumb Code     2  startup_tm4c123.o(.text)
    UART6_Handler                            0x00000451   Thumb Code     2  startup_tm4c123.o(.text)
    UART7_Handler                            0x00000453   Thumb Code     2  startup_tm4c123.o(.text)
    I2C2_Handler                             0x00000455   Thumb Code     2  startup_tm4c123.o(.text)
    I2C3_Handler                             0x00000457   Thumb Code     2  startup_tm4c123.o(.text)
    TIMER4A_Handler                          0x00000459   Thumb Code     2  startup_tm4c123.o(.text)
    TIMER4B_Handler                          0x0000045b   Thumb Code     2  startup_tm4c123.o(.text)
    TIMER5A_Handler                          0x0000045d   Thumb Code     2  startup_tm4c123.o(.text)
    TIMER5B_Handler                          0x0000045f   Thumb Code     2  startup_tm4c123.o(.text)
    WTIMER0A_Handler                         0x00000461   Thumb Code     2  startup_tm4c123.o(.text)
    WTIMER0B_Handler                         0x00000463   Thumb Code     2  startup_tm4c123.o(.text)
    WTIMER1A_Handler                         0x00000465   Thumb Code     2  startup_tm4c123.o(.text)
    WTIMER1B_Handler                         0x00000467   Thumb Code     2  startup_tm4c123.o(.text)
    WTIMER2A_Handler                         0x00000469   Thumb Code     2  startup_tm4c123.o(.text)
    WTIMER2B_Handler                         0x0000046b   Thumb Code     2  startup_tm4c123.o(.text)
    WTIMER3A_Handler                         0x0000046d   Thumb Code     2  startup_tm4c123.o(.text)
    WTIMER3B_Handler                         0x0000046f   Thumb Code     2  startup_tm4c123.o(.text)
    WTIMER4A_Handler                         0x00000471   Thumb Code     2  startup_tm4c123.o(.text)
    WTIMER4B_Handler                         0x00000473   Thumb Code     2  startup_tm4c123.o(.text)
    WTIMER5A_Handler                         0x00000475   Thumb Code     2  startup_tm4c123.o(.text)
    WTIMER5B_Handler                         0x00000477   Thumb Code     2  startup_tm4c123.o(.text)
    FPU_Handler                              0x00000479   Thumb Code     2  startup_tm4c123.o(.text)
    I2C4_Handler                             0x0000047b   Thumb Code     2  startup_tm4c123.o(.text)
    I2C5_Handler                             0x0000047d   Thumb Code     2  startup_tm4c123.o(.text)
    GPIOM_Handler                            0x0000047f   Thumb Code     2  startup_tm4c123.o(.text)
    GPION_Handler                            0x00000481   Thumb Code     2  startup_tm4c123.o(.text)
    QEI2_Handler                             0x00000483   Thumb Code     2  startup_tm4c123.o(.text)
    GPIOP0_Handler                           0x00000485   Thumb Code     2  startup_tm4c123.o(.text)
    GPIOP1_Handler                           0x00000487   Thumb Code     2  startup_tm4c123.o(.text)
    GPIOP2_Handler                           0x00000489   Thumb Code     2  startup_tm4c123.o(.text)
    GPIOP3_Handler                           0x0000048b   Thumb Code     2  startup_tm4c123.o(.text)
    GPIOP4_Handler                           0x0000048d   Thumb Code     2  startup_tm4c123.o(.text)
    GPIOP5_Handler                           0x0000048f   Thumb Code     2  startup_tm4c123.o(.text)
    GPIOP6_Handler                           0x00000491   Thumb Code     2  startup_tm4c123.o(.text)
    GPIOP7_Handler                           0x00000493   Thumb Code     2  startup_tm4c123.o(.text)
    GPIOQ0_Handler                           0x00000495   Thumb Code     2  startup_tm4c123.o(.text)
    GPIOQ1_Handler                           0x00000497   Thumb Code     2  startup_tm4c123.o(.text)
    GPIOQ2_Handler                           0x00000499   Thumb Code     2  startup_tm4c123.o(.text)
    GPIOQ3_Handler                           0x0000049b   Thumb Code     2  startup_tm4c123.o(.text)
    GPIOQ4_Handler                           0x0000049d   Thumb Code     2  startup_tm4c123.o(.text)
    GPIOQ5_Handler                           0x0000049f   Thumb Code     2  startup_tm4c123.o(.text)
    GPIOQ6_Handler                           0x000004a1   Thumb Code     2  startup_tm4c123.o(.text)
    GPIOQ7_Handler                           0x000004a3   Thumb Code     2  startup_tm4c123.o(.text)
    GPIOR_Handler                            0x000004a5   Thumb Code     2  startup_tm4c123.o(.text)
    GPIOS_Handler                            0x000004a7   Thumb Code     2  startup_tm4c123.o(.text)
    PMW1_0_Handler                           0x000004a9   Thumb Code     2  startup_tm4c123.o(.text)
    PWM1_1_Handler                           0x000004ab   Thumb Code     2  startup_tm4c123.o(.text)
    PWM1_2_Handler                           0x000004ad   Thumb Code     2  startup_tm4c123.o(.text)
    PWM1_3_Handler                           0x000004af   Thumb Code     2  startup_tm4c123.o(.text)
    PWM1_FAULT_Handler                       0x000004b1   Thumb Code     2  startup_tm4c123.o(.text)
    __user_initial_stackheap                 0x000004b5   Thumb Code     0  startup_tm4c123.o(.text)
    __aeabi_uldivmod                         0x000004d5   Thumb Code     0  lludivv7m.o(.text)
    _ll_udiv                                 0x000004d5   Thumb Code   240  lludivv7m.o(.text)
    snprintf                                 0x000005c5   Thumb Code    58  snprintf.o(.text)
    strcpy                                   0x00000605   Thumb Code    72  strcpy.o(.text)
    __aeabi_memcpy                           0x0000064d   Thumb Code     0  rt_memcpy_v6.o(.text)
    __rt_memcpy                              0x0000064d   Thumb Code   138  rt_memcpy_v6.o(.text)
    _memcpy_lastbytes                        0x000006b3   Thumb Code     0  rt_memcpy_v6.o(.text)
    __aeabi_memset4                          0x000006d7   Thumb Code    16  aeabi_memset4.o(.text)
    __aeabi_memset8                          0x000006d7   Thumb Code     0  aeabi_memset4.o(.text)
    __aeabi_memclr                           0x000006e7   Thumb Code     0  rt_memclr.o(.text)
    __rt_memclr                              0x000006e7   Thumb Code     0  rt_memclr.o(.text)
    _memset                                  0x000006eb   Thumb Code    64  rt_memclr.o(.text)
    strcmp                                   0x00000731   Thumb Code   124  strcmpv7em.o(.text)
    __use_two_region_memory                  0x000007ad   Thumb Code     2  heapauxi.o(.text)
    __rt_heap_escrow$2region                 0x000007af   Thumb Code     2  heapauxi.o(.text)
    __rt_heap_expand$2region                 0x000007b1   Thumb Code     2  heapauxi.o(.text)
    _printf_pre_padding                      0x000007b3   Thumb Code    44  _printf_pad.o(.text)
    _printf_post_padding                     0x000007df   Thumb Code    34  _printf_pad.o(.text)
    _printf_truncate_signed                  0x00000801   Thumb Code    18  _printf_truncate.o(.text)
    _printf_truncate_unsigned                0x00000813   Thumb Code    18  _printf_truncate.o(.text)
    _printf_str                              0x00000825   Thumb Code    82  _printf_str.o(.text)
    _printf_int_dec                          0x00000879   Thumb Code   104  _printf_dec.o(.text)
    _printf_charcount                        0x000008f1   Thumb Code    40  _printf_charcount.o(.text)
    _printf_char_common                      0x00000923   Thumb Code    32  _printf_char_common.o(.text)
    _snputc                                  0x00000949   Thumb Code    16  _snputc.o(.text)
    _printf_wctomb                           0x00000959   Thumb Code   182  _printf_wctomb.o(.text)
    _printf_longlong_dec                     0x00000a15   Thumb Code   108  _printf_longlong_dec.o(.text)
    _printf_longlong_oct                     0x00000a91   Thumb Code    68  _printf_oct_int_ll.o(.text)
    _printf_int_oct                          0x00000ad5   Thumb Code    24  _printf_oct_int_ll.o(.text)
    _printf_ll_oct                           0x00000aed   Thumb Code    12  _printf_oct_int_ll.o(.text)
    _printf_longlong_hex                     0x00000b01   Thumb Code    86  _printf_hex_int_ll_ptr.o(.text)
    _printf_int_hex                          0x00000b57   Thumb Code    28  _printf_hex_int_ll_ptr.o(.text)
    _printf_ll_hex                           0x00000b73   Thumb Code    12  _printf_hex_int_ll_ptr.o(.text)
    _printf_hex_ptr                          0x00000b7f   Thumb Code    18  _printf_hex_int_ll_ptr.o(.text)
    __printf                                 0x00000b95   Thumb Code   388  __printf_flags_ss_wp.o(.text)
    __aeabi_memcpy4                          0x00000d1d   Thumb Code     0  rt_memcpy_w.o(.text)
    __aeabi_memcpy8                          0x00000d1d   Thumb Code     0  rt_memcpy_w.o(.text)
    __rt_memcpy_w                            0x00000d1d   Thumb Code   100  rt_memcpy_w.o(.text)
    _memcpy_lastbytes_aligned                0x00000d65   Thumb Code     0  rt_memcpy_w.o(.text)
    __aeabi_memclr4                          0x00000d81   Thumb Code     0  rt_memclr_w.o(.text)
    __aeabi_memclr8                          0x00000d81   Thumb Code     0  rt_memclr_w.o(.text)
    __rt_memclr_w                            0x00000d81   Thumb Code     0  rt_memclr_w.o(.text)
    _memset_w                                0x00000d85   Thumb Code    74  rt_memclr_w.o(.text)
    _ll_udiv10                               0x00000dcf   Thumb Code   138  lludiv10.o(.text)
    _printf_int_common                       0x00000e59   Thumb Code   178  _printf_intcommon.o(.text)
    _printf_fp_dec_real                      0x000010bb   Thumb Code   620  _printf_fp_dec.o(.text)
    _printf_fp_hex_real                      0x00001329   Thumb Code   756  _printf_fp_hex.o(.text)
    _printf_cs_common                        0x00001625   Thumb Code    20  _printf_char.o(.text)
    _printf_char                             0x00001639   Thumb Code    16  _printf_char.o(.text)
    _printf_string                           0x00001649   Thumb Code     8  _printf_char.o(.text)
    _printf_lcs_common                       0x00001651   Thumb Code    20  _printf_wchar.o(.text)
    _printf_wchar                            0x00001665   Thumb Code    16  _printf_wchar.o(.text)
    _printf_wstring                          0x00001675   Thumb Code     8  _printf_wchar.o(.text)
    _c16rtomb                                0x0000167d   Thumb Code    72  _c16rtomb.o(.text)
    _wcrtomb                                 0x0000167d   Thumb Code     0  _c16rtomb.o(.text)
    __user_setup_stackheap                   0x000016c5   Thumb Code    74  sys_stackheap_outer.o(.text)
    __rt_ctype_table                         0x00001711   Thumb Code    16  rt_ctype_table.o(.text)
    __rt_locale                              0x00001721   Thumb Code    10  rt_locale_twolibspace.o(.text)
    _printf_fp_infnan                        0x0000172d   Thumb Code   112  _printf_fp_infnan.o(.text)
    _btod_etento                             0x000017ad   Thumb Code   224  bigflt0.o(.text)
    exit                                     0x00001891   Thumb Code    18  exit.o(.text)
    __user_libspace                          0x000018a5   Thumb Code     8  libspace.o(.text)
    __user_perproc_libspace                  0x000018a5   Thumb Code     0  libspace.o(.text)
    _sys_exit                                0x000018ad   Thumb Code     8  sys_exit.o(.text)
    __I$use$semihosting                      0x000018b9   Thumb Code     0  use_no_semi.o(.text)
    __use_no_semihosting_swi                 0x000018b9   Thumb Code     2  use_no_semi.o(.text)
    __semihosting_library_function           0x000018bb   Thumb Code     0  indicate_semi.o(.text)
    _fp_init                                 0x000018bd   Thumb Code    22  clib_os.o(.text.$Sub$$_fp_init)
    BeepBuzzer                               0x000018d5   Thumb Code    82  main.o(.text.BeepBuzzer)
    GPIOC_Handler                            0x00001929   Thumb Code   254  main.o(.text.GPIOC_Handler)
    GPIOD_Handler                            0x00001a29   Thumb Code    42  main.o(.text.GPIOD_Handler)
    GPIOE_Handler                            0x00001a55   Thumb Code    40  main.o(.text.GPIOE_Handler)
    InitADC                                  0x00001a7d   Thumb Code   184  main.o(.text.InitADC)
    InitBuzzer                               0x00001b35   Thumb Code    88  main.o(.text.InitBuzzer)
    InitInputs                               0x00001b8d   Thumb Code   440  main.o(.text.InitInputs)
    InitRGB                                  0x00001d45   Thumb Code   122  main.o(.text.InitRGB)
    InitUltrasonic                           0x00001dc1   Thumb Code    78  main.o(.text.InitUltrasonic)
    LCD_Command                              0x00001e11   Thumb Code    42  main.o(.text.LCD_Command)
    LCD_Data                                 0x00001e3d   Thumb Code    42  main.o(.text.LCD_Data)
    LCD_DelayUs                              0x00001e69   Thumb Code    36  main.o(.text.LCD_DelayUs)
    LCD_Init                                 0x00001e8d   Thumb Code   296  main.o(.text.LCD_Init)
    LCD_Print                                0x00001fb5   Thumb Code    34  main.o(.text.LCD_Print)
    LCD_PulseEnable                          0x00001fd9   Thumb Code    50  main.o(.text.LCD_PulseEnable)
    LCD_SendByte                             0x0000200d   Thumb Code    98  main.o(.text.LCD_SendByte)
    MeasureDistance                          0x00002071   Thumb Code   226  main.o(.text.MeasureDistance)
    PendSV_Handler                           0x00002155   Thumb Code    96  port.o(.text.PendSV_Handler)
    ReadADC                                  0x000021b5   Thumb Code    70  main.o(.text.ReadADC)
    SVC_Handler                              0x000021fd   Thumb Code    32  port.o(.text.SVC_Handler)
    SysTick_Handler                          0x0000221d   Thumb Code    30  cmsis_os2.o(.text.SysTick_Handler)
    SystemInit                               0x0000223d   Thumb Code   268  system_tm4c123.o(.text.SystemInit)
    _mutex_acquire                           0x00002379   Thumb Code    40  clib_os.o(.text._mutex_acquire)
    _mutex_free                              0x000023a1   Thumb Code    84  clib_os.o(.text._mutex_free)
    _mutex_initialize                        0x000023f5   Thumb Code   168  clib_os.o(.text._mutex_initialize)
    _mutex_release                           0x0000249d   Thumb Code    42  clib_os.o(.text._mutex_release)
    _platform_post_stackheap_init            0x000024c9   Thumb Code     2  clib_os.o(.text._platform_post_stackheap_init)
    main                                     0x000024ed   Thumb Code   176  main.o(.text.main)
    pvPortMalloc                             0x00003689   Thumb Code   696  heap_4.o(.text.pvPortMalloc)
    pvTaskIncrementMutexHeldCount            0x00003941   Thumb Code    36  tasks.o(.text.pvTaskIncrementMutexHeldCount)
    pxPortInitialiseStack                    0x00003965   Thumb Code    94  port.o(.text.pxPortInitialiseStack)
    uxListRemove                             0x000039c5   Thumb Code    72  list.o(.text.uxListRemove)
    vApplicationGetIdleTaskMemory            0x00003a0d   Thumb Code    42  tasks.o(.text.vApplicationGetIdleTaskMemory)
    vApplicationGetTimerTaskMemory           0x00003a39   Thumb Code    42  tasks.o(.text.vApplicationGetTimerTaskMemory)
    vApplicationStackOverflowHook            0x00003a65   Thumb Code    16  cmsis_os2.o(.text.vApplicationStackOverflowHook)
    vBuzzerTask                              0x00003a75   Thumb Code   196  main.o(.text.vBuzzerTask)
    vDisplayTask                             0x00003b39   Thumb Code   380  main.o(.text.vDisplayTask)
    vListInitialise                          0x00003cb5   Thumb Code    46  list.o(.text.vListInitialise)
    vListInitialiseItem                      0x00003ce5   Thumb Code    14  list.o(.text.vListInitialiseItem)
    vListInsert                              0x00003cf5   Thumb Code   106  list.o(.text.vListInsert)
    vPortEnterCritical                       0x00003d75   Thumb Code    72  port.o(.text.vPortEnterCritical)
    vPortExitCritical                        0x00003dbd   Thumb Code    60  port.o(.text.vPortExitCritical)
    vPortFree                                0x00003df9   Thumb Code   222  heap_4.o(.text.vPortFree)
    vPortSetupTimerInterrupt                 0x00003ed9   Thumb Code    68  port.o(.text.vPortSetupTimerInterrupt)
    vQueueDelete                             0x00003f1d   Thumb Code    48  queue.o(.text.vQueueDelete)
    vQueueWaitForMessageRestricted           0x00003f4d   Thumb Code   100  queue.o(.text.vQueueWaitForMessageRestricted)
    vSpeedTask                               0x00003fb1   Thumb Code   168  main.o(.text.vSpeedTask)
    vTaskDelay                               0x00004059   Thumb Code    98  tasks.o(.text.vTaskDelay)
    vTaskInternalSetTimeOutState             0x000040bd   Thumb Code    36  tasks.o(.text.vTaskInternalSetTimeOutState)
    vTaskMissedYield                         0x000040e1   Thumb Code    14  tasks.o(.text.vTaskMissedYield)
    vTaskPlaceOnEventList                    0x000040f1   Thumb Code    52  tasks.o(.text.vTaskPlaceOnEventList)
    vTaskPlaceOnEventListRestricted          0x00004125   Thumb Code   114  tasks.o(.text.vTaskPlaceOnEventListRestricted)
    vTaskPriorityDisinheritAfterTimeout      0x00004199   Thumb Code   358  tasks.o(.text.vTaskPriorityDisinheritAfterTimeout)
    vTaskStartScheduler                      0x00004301   Thumb Code   130  tasks.o(.text.vTaskStartScheduler)
    vTaskSuspendAll                          0x00004385   Thumb Code    16  tasks.o(.text.vTaskSuspendAll)
    vTaskSwitchContext                       0x00004395   Thumb Code   312  tasks.o(.text.vTaskSwitchContext)
    vUltrasonicTask                          0x000044cd   Thumb Code    48  main.o(.text.vUltrasonicTask)
    xPortStartScheduler                      0x000044fd   Thumb Code   428  port.o(.text.xPortStartScheduler)
    xPortSysTickHandler                      0x000046a9   Thumb Code    62  port.o(.text.xPortSysTickHandler)
    xQueueCreateMutex                        0x000046e9   Thumb Code    38  queue.o(.text.xQueueCreateMutex)
    xQueueCreateMutexStatic                  0x00004711   Thumb Code    50  queue.o(.text.xQueueCreateMutexStatic)
    xQueueGenericCreate                      0x00004745   Thumb Code   148  queue.o(.text.xQueueGenericCreate)
    xQueueGenericCreateStatic                0x000047d9   Thumb Code   158  queue.o(.text.xQueueGenericCreateStatic)
    xQueueGenericReset                       0x00004879   Thumb Code   236  queue.o(.text.xQueueGenericReset)
    xQueueGenericSend                        0x00004965   Thumb Code   500  queue.o(.text.xQueueGenericSend)
    xQueueReceive                            0x00004b59   Thumb Code   434  queue.o(.text.xQueueReceive)
    xQueueSemaphoreTake                      0x00004d0d   Thumb Code   486  queue.o(.text.xQueueSemaphoreTake)
    xTaskCheckForTimeOut                     0x00004ef5   Thumb Code   224  tasks.o(.text.xTaskCheckForTimeOut)
    xTaskCreate                              0x00004fd5   Thumb Code    82  tasks.o(.text.xTaskCreate)
    xTaskCreateStatic                        0x00005029   Thumb Code    92  tasks.o(.text.xTaskCreateStatic)
    xTaskGetSchedulerState                   0x00005085   Thumb Code    56  tasks.o(.text.xTaskGetSchedulerState)
    xTaskGetTickCount                        0x000050bd   Thumb Code    20  tasks.o(.text.xTaskGetTickCount)
    xTaskIncrementTick                       0x000050d1   Thumb Code   630  tasks.o(.text.xTaskIncrementTick)
    xTaskPriorityDisinherit                  0x00005349   Thumb Code   286  tasks.o(.text.xTaskPriorityDisinherit)
    xTaskPriorityInherit                     0x00005469   Thumb Code   348  tasks.o(.text.xTaskPriorityInherit)
    xTaskRemoveFromEventList                 0x000055c5   Thumb Code   418  tasks.o(.text.xTaskRemoveFromEventList)
    xTaskResumeAll                           0x00005769   Thumb Code   584  tasks.o(.text.xTaskResumeAll)
    xTimerCreateTimerTask                    0x000059b1   Thumb Code   134  timers.o(.text.xTimerCreateTimerTask)
    _btod_d2e                                0x00005a37   Thumb Code    62  btod.o(CL$$btod_d2e)
    _d2e_denorm_low                          0x00005a75   Thumb Code    70  btod.o(CL$$btod_d2e_denorm_low)
    _d2e_norm_op1                            0x00005abb   Thumb Code    96  btod.o(CL$$btod_d2e_norm_op1)
    __btod_div_common                        0x00005b1d   Thumb Code   696  btod.o(CL$$btod_div_common)
    _e2e                                     0x00005e55   Thumb Code   220  btod.o(CL$$btod_e2e)
    _btod_ediv                               0x00005f31   Thumb Code    42  btod.o(CL$$btod_ediv)
    _btod_emul                               0x00005f5b   Thumb Code    42  btod.o(CL$$btod_emul)
    __btod_mult_common                       0x00005f85   Thumb Code   580  btod.o(CL$$btod_mult_common)
    __ARM_fpclassify                         0x000061c9   Thumb Code    48  fpclassify.o(i.__ARM_fpclassify)
    _is_digit                                0x000061f9   Thumb Code    14  __printf_wp.o(i._is_digit)
    _get_lc_numeric                          0x00006209   Thumb Code    44  lc_numeric_c.o(locale$$code)
    _get_lc_ctype                            0x00006235   Thumb Code    44  lc_ctype_c.o(locale$$code)
    $Super$$_fp_init                         0x00006261   Thumb Code    26  fpinit.o(x$fpl$fpinit)
    __fplib_config_fpu_vfp                   0x00006279   Thumb Code     0  fpinit.o(x$fpl$fpinit)
    __fplib_config_pureend_doubles           0x00006279   Thumb Code     0  fpinit.o(x$fpl$fpinit)
    _printf_fp_dec                           0x0000627b   Thumb Code     4  printf1.o(x$fpl$printf1)
    _printf_fp_hex                           0x0000627f   Thumb Code     4  printf2.o(x$fpl$printf2)
    __I$use$fp                               0x00006282   Number         0  usenofp.o(x$fpl$usenofp)
    Region$$Table$$Base                      0x00006428   Number         0  anon$$obj.o(Region$$Table)
    Region$$Table$$Limit                     0x00006448   Number         0  anon$$obj.o(Region$$Table)
    __ctype                                  0x00006471   Data           0  lc_ctype_c.o(locale$$data)
    SystemCoreClock                          0x20000000   Data           4  system_tm4c123.o(.data.SystemCoreClock)
    gearState                                0x20000004   Data           2  main.o(.data.gearState)
    __libspace_start                         0x20000010   Data          96  libspace.o(.bss)
    __temporary_stack_top$libspace           0x20000070   Data           0  libspace.o(.bss)
    distanceValue                            0x20000214   Data           4  main.o(.bss.distanceValue)
    doorEvent                                0x20000218   Data           1  main.o(.bss.doorEvent)
    doorsLocked                              0x20000219   Data           1  main.o(.bss.doorsLocked)
    gearEvent                                0x2000021a   Data           1  main.o(.bss.gearEvent)
    ignitionEvent                            0x2000021b   Data           1  main.o(.bss.ignitionEvent)
    ignitionOn                               0x2000021c   Data           1  main.o(.bss.ignitionOn)
    pxCurrentTCB                             0x200002c4   Data           4  tasks.o(.bss.pxCurrentTCB)
    speedValue                               0x2000073c   Data           4  main.o(.bss.speedValue)



==============================================================================

Memory Map of the image

  Image Entry point : 0x000003c1

  Load Region LR_1 (Base: 0x00000000, Size: 0x00006580, Max: 0xffffffff, ABSOLUTE)

    Execution Region ER_RO (Exec base: 0x00000000, Load base: 0x00000000, Size: 0x00006574, Max: 0xffffffff, ABSOLUTE)

    Exec Addr    Load Addr    Size         Type   Attr      Idx    E Section Name        Object

    0x00000000   0x00000000   0x0000026c   Data   RO          322    RESET               startup_tm4c123.o
    0x0000026c   0x0000026c   0x00000008   Code   RO          838  * !!!main             c_w.l(__main.o)
    0x00000274   0x00000274   0x00000034   Code   RO         1187    !!!scatter          c_w.l(__scatter.o)
    0x000002a8   0x000002a8   0x0000001a   Code   RO         1189    !!handler_copy      c_w.l(__scatter_copy.o)
    0x000002c2   0x000002c2   0x00000002   PAD
    0x000002c4   0x000002c4   0x0000001c   Code   RO         1191    !!handler_zi        c_w.l(__scatter_zi.o)
    0x000002e0   0x000002e0   0x00000000   Code   RO          928    .ARM.Collect$$_printf_percent$$00000000  c_w.l(_printf_percent.o)
    0x000002e0   0x000002e0   0x00000006   Code   RO          917    .ARM.Collect$$_printf_percent$$00000001  c_w.l(_printf_n.o)
    0x000002e6   0x000002e6   0x00000006   Code   RO          919    .ARM.Collect$$_printf_percent$$00000002  c_w.l(_printf_p.o)
    0x000002ec   0x000002ec   0x00000006   Code   RO          924    .ARM.Collect$$_printf_percent$$00000003  c_w.l(_printf_f.o)
    0x000002f2   0x000002f2   0x00000006   Code   RO          925    .ARM.Collect$$_printf_percent$$00000004  c_w.l(_printf_e.o)
    0x000002f8   0x000002f8   0x00000006   Code   RO          926    .ARM.Collect$$_printf_percent$$00000005  c_w.l(_printf_g.o)
    0x000002fe   0x000002fe   0x00000006   Code   RO          927    .ARM.Collect$$_printf_percent$$00000006  c_w.l(_printf_a.o)
    0x00000304   0x00000304   0x0000000a   Code   RO          932    .ARM.Collect$$_printf_percent$$00000007  c_w.l(_printf_ll.o)
    0x0000030e   0x0000030e   0x00000006   Code   RO          921    .ARM.Collect$$_printf_percent$$00000008  c_w.l(_printf_i.o)
    0x00000314   0x00000314   0x00000006   Code   RO          922    .ARM.Collect$$_printf_percent$$00000009  c_w.l(_printf_d.o)
    0x0000031a   0x0000031a   0x00000006   Code   RO          923    .ARM.Collect$$_printf_percent$$0000000A  c_w.l(_printf_u.o)
    0x00000320   0x00000320   0x00000006   Code   RO          920    .ARM.Collect$$_printf_percent$$0000000B  c_w.l(_printf_o.o)
    0x00000326   0x00000326   0x00000006   Code   RO          918    .ARM.Collect$$_printf_percent$$0000000C  c_w.l(_printf_x.o)
    0x0000032c   0x0000032c   0x00000006   Code   RO          929    .ARM.Collect$$_printf_percent$$0000000D  c_w.l(_printf_lli.o)
    0x00000332   0x00000332   0x00000006   Code   RO          930    .ARM.Collect$$_printf_percent$$0000000E  c_w.l(_printf_lld.o)
    0x00000338   0x00000338   0x00000006   Code   RO          931    .ARM.Collect$$_printf_percent$$0000000F  c_w.l(_printf_llu.o)
    0x0000033e   0x0000033e   0x00000006   Code   RO          936    .ARM.Collect$$_printf_percent$$00000010  c_w.l(_printf_llo.o)
    0x00000344   0x00000344   0x00000006   Code   RO          937    .ARM.Collect$$_printf_percent$$00000011  c_w.l(_printf_llx.o)
    0x0000034a   0x0000034a   0x0000000a   Code   RO          933    .ARM.Collect$$_printf_percent$$00000012  c_w.l(_printf_l.o)
    0x00000354   0x00000354   0x00000006   Code   RO          915    .ARM.Collect$$_printf_percent$$00000013  c_w.l(_printf_c.o)
    0x0000035a   0x0000035a   0x00000006   Code   RO          916    .ARM.Collect$$_printf_percent$$00000014  c_w.l(_printf_s.o)
    0x00000360   0x00000360   0x00000006   Code   RO          934    .ARM.Collect$$_printf_percent$$00000015  c_w.l(_printf_lc.o)
    0x00000366   0x00000366   0x00000006   Code   RO          935    .ARM.Collect$$_printf_percent$$00000016  c_w.l(_printf_ls.o)
    0x0000036c   0x0000036c   0x00000004   Code   RO          984    .ARM.Collect$$_printf_percent$$00000017  c_w.l(_printf_percent_end.o)
    0x00000370   0x00000370   0x00000002   Code   RO         1039    .ARM.Collect$$libinit$$00000000  c_w.l(libinit.o)
    0x00000372   0x00000372   0x00000004   Code   RO         1061    .ARM.Collect$$libinit$$00000001  c_w.l(libinit2.o)
    0x00000376   0x00000376   0x00000000   Code   RO         1064    .ARM.Collect$$libinit$$00000004  c_w.l(libinit2.o)
    0x00000376   0x00000376   0x00000000   Code   RO         1066    .ARM.Collect$$libinit$$00000006  c_w.l(libinit2.o)
    0x00000376   0x00000376   0x00000000   Code   RO         1069    .ARM.Collect$$libinit$$0000000C  c_w.l(libinit2.o)
    0x00000376   0x00000376   0x00000000   Code   RO         1071    .ARM.Collect$$libinit$$0000000E  c_w.l(libinit2.o)
    0x00000376   0x00000376   0x00000000   Code   RO         1073    .ARM.Collect$$libinit$$00000010  c_w.l(libinit2.o)
    0x00000376   0x00000376   0x00000006   Code   RO         1074    .ARM.Collect$$libinit$$00000011  c_w.l(libinit2.o)
    0x0000037c   0x0000037c   0x00000000   Code   RO         1076    .ARM.Collect$$libinit$$00000013  c_w.l(libinit2.o)
    0x0000037c   0x0000037c   0x0000000c   Code   RO         1077    .ARM.Collect$$libinit$$00000014  c_w.l(libinit2.o)
    0x00000388   0x00000388   0x00000000   Code   RO         1078    .ARM.Collect$$libinit$$00000015  c_w.l(libinit2.o)
    0x00000388   0x00000388   0x00000000   Code   RO         1080    .ARM.Collect$$libinit$$00000017  c_w.l(libinit2.o)
    0x00000388   0x00000388   0x0000000a   Code   RO         1081    .ARM.Collect$$libinit$$00000018  c_w.l(libinit2.o)
    0x00000392   0x00000392   0x00000000   Code   RO         1082    .ARM.Collect$$libinit$$00000019  c_w.l(libinit2.o)
    0x00000392   0x00000392   0x00000000   Code   RO         1084    .ARM.Collect$$libinit$$0000001B  c_w.l(libinit2.o)
    0x00000392   0x00000392   0x00000000   Code   RO         1086    .ARM.Collect$$libinit$$0000001D  c_w.l(libinit2.o)
    0x00000392   0x00000392   0x00000000   Code   RO         1088    .ARM.Collect$$libinit$$0000001F  c_w.l(libinit2.o)
    0x00000392   0x00000392   0x00000000   Code   RO         1090    .ARM.Collect$$libinit$$00000021  c_w.l(libinit2.o)
    0x00000392   0x00000392   0x00000000   Code   RO         1092    .ARM.Collect$$libinit$$00000023  c_w.l(libinit2.o)
    0x00000392   0x00000392   0x00000000   Code   RO         1094    .ARM.Collect$$libinit$$00000025  c_w.l(libinit2.o)
    0x00000392   0x00000392   0x00000000   Code   RO         1096    .ARM.Collect$$libinit$$00000027  c_w.l(libinit2.o)
    0x00000392   0x00000392   0x00000000   Code   RO         1100    .ARM.Collect$$libinit$$0000002E  c_w.l(libinit2.o)
    0x00000392   0x00000392   0x00000000   Code   RO         1102    .ARM.Collect$$libinit$$00000030  c_w.l(libinit2.o)
    0x00000392   0x00000392   0x00000000   Code   RO         1104    .ARM.Collect$$libinit$$00000032  c_w.l(libinit2.o)
    0x00000392   0x00000392   0x00000000   Code   RO         1106    .ARM.Collect$$libinit$$00000034  c_w.l(libinit2.o)
    0x00000392   0x00000392   0x00000002   Code   RO         1107    .ARM.Collect$$libinit$$00000035  c_w.l(libinit2.o)
    0x00000394   0x00000394   0x00000002   Code   RO         1142    .ARM.Collect$$libshutdown$$00000000  c_w.l(libshutdown.o)
    0x00000396   0x00000396   0x00000000   Code   RO         1170    .ARM.Collect$$libshutdown$$00000002  c_w.l(libshutdown2.o)
    0x00000396   0x00000396   0x00000000   Code   RO         1172    .ARM.Collect$$libshutdown$$00000004  c_w.l(libshutdown2.o)
    0x00000396   0x00000396   0x00000000   Code   RO         1175    .ARM.Collect$$libshutdown$$00000007  c_w.l(libshutdown2.o)
    0x00000396   0x00000396   0x00000000   Code   RO         1178    .ARM.Collect$$libshutdown$$0000000A  c_w.l(libshutdown2.o)
    0x00000396   0x00000396   0x00000000   Code   RO         1180    .ARM.Collect$$libshutdown$$0000000C  c_w.l(libshutdown2.o)
    0x00000396   0x00000396   0x00000000   Code   RO         1183    .ARM.Collect$$libshutdown$$0000000F  c_w.l(libshutdown2.o)
    0x00000396   0x00000396   0x00000002   Code   RO         1184    .ARM.Collect$$libshutdown$$00000010  c_w.l(libshutdown2.o)
    0x00000398   0x00000398   0x00000000   Code   RO          842    .ARM.Collect$$rtentry$$00000000  c_w.l(__rtentry.o)
    0x00000398   0x00000398   0x00000000   Code   RO          951    .ARM.Collect$$rtentry$$00000002  c_w.l(__rtentry2.o)
    0x00000398   0x00000398   0x00000006   Code   RO          963    .ARM.Collect$$rtentry$$00000004  c_w.l(__rtentry4.o)
    0x0000039e   0x0000039e   0x00000008   Code   RO          952    .ARM.Collect$$rtentry$$00000008  c_w.l(__rtentry2.o)
    0x000003a6   0x000003a6   0x00000004   Code   RO          954    .ARM.Collect$$rtentry$$0000000A  c_w.l(__rtentry2.o)
    0x000003aa   0x000003aa   0x00000000   Code   RO          956    .ARM.Collect$$rtentry$$0000000C  c_w.l(__rtentry2.o)
    0x000003aa   0x000003aa   0x00000008   Code   RO          957    .ARM.Collect$$rtentry$$0000000D  c_w.l(__rtentry2.o)
    0x000003b2   0x000003b2   0x00000002   Code   RO         1048    .ARM.Collect$$rtexit$$00000000  c_w.l(rtexit.o)
    0x000003b4   0x000003b4   0x00000000   Code   RO         1113    .ARM.Collect$$rtexit$$00000002  c_w.l(rtexit2.o)
    0x000003b4   0x000003b4   0x00000004   Code   RO         1114    .ARM.Collect$$rtexit$$00000003  c_w.l(rtexit2.o)
    0x000003b8   0x000003b8   0x00000006   Code   RO         1115    .ARM.Collect$$rtexit$$00000004  c_w.l(rtexit2.o)
    0x000003be   0x000003be   0x00000002   PAD
    0x000003c0   0x000003c0   0x00000114   Code   RO          323  * .text               startup_tm4c123.o
    0x000004d4   0x000004d4   0x000000f0   Code   RO          822    .text               c_w.l(lludivv7m.o)
    0x000005c4   0x000005c4   0x00000040   Code   RO          824    .text               c_w.l(snprintf.o)
    0x00000604   0x00000604   0x00000048   Code   RO          826    .text               c_w.l(strcpy.o)
    0x0000064c   0x0000064c   0x0000008a   Code   RO          828    .text               c_w.l(rt_memcpy_v6.o)
    0x000006d6   0x000006d6   0x00000010   Code   RO          830    .text               c_w.l(aeabi_memset4.o)
    0x000006e6   0x000006e6   0x00000044   Code   RO          832    .text               c_w.l(rt_memclr.o)
    0x0000072a   0x0000072a   0x00000006   PAD
    0x00000730   0x00000730   0x0000007c   Code   RO          834    .text               c_w.l(strcmpv7em.o)
    0x000007ac   0x000007ac   0x00000006   Code   RO          836    .text               c_w.l(heapauxi.o)
    0x000007b2   0x000007b2   0x0000004e   Code   RO          849    .text               c_w.l(_printf_pad.o)
    0x00000800   0x00000800   0x00000024   Code   RO          851    .text               c_w.l(_printf_truncate.o)
    0x00000824   0x00000824   0x00000052   Code   RO          853    .text               c_w.l(_printf_str.o)
    0x00000876   0x00000876   0x00000002   PAD
    0x00000878   0x00000878   0x00000078   Code   RO          855    .text               c_w.l(_printf_dec.o)
    0x000008f0   0x000008f0   0x00000028   Code   RO          857    .text               c_w.l(_printf_charcount.o)
    0x00000918   0x00000918   0x00000030   Code   RO          859    .text               c_w.l(_printf_char_common.o)
    0x00000948   0x00000948   0x00000010   Code   RO          861    .text               c_w.l(_snputc.o)
    0x00000958   0x00000958   0x000000bc   Code   RO          863    .text               c_w.l(_printf_wctomb.o)
    0x00000a14   0x00000a14   0x0000007c   Code   RO          866    .text               c_w.l(_printf_longlong_dec.o)
    0x00000a90   0x00000a90   0x00000070   Code   RO          872    .text               c_w.l(_printf_oct_int_ll.o)
    0x00000b00   0x00000b00   0x00000094   Code   RO          892    .text               c_w.l(_printf_hex_int_ll_ptr.o)
    0x00000b94   0x00000b94   0x00000188   Code   RO          912    .text               c_w.l(__printf_flags_ss_wp.o)
    0x00000d1c   0x00000d1c   0x00000064   Code   RO          938    .text               c_w.l(rt_memcpy_w.o)
    0x00000d80   0x00000d80   0x0000004e   Code   RO          940    .text               c_w.l(rt_memclr_w.o)
    0x00000dce   0x00000dce   0x0000008a   Code   RO          967    .text               c_w.l(lludiv10.o)
    0x00000e58   0x00000e58   0x000000b2   Code   RO          969    .text               c_w.l(_printf_intcommon.o)
    0x00000f0a   0x00000f0a   0x0000041c   Code   RO          971    .text               c_w.l(_printf_fp_dec.o)
    0x00001326   0x00001326   0x00000002   PAD
    0x00001328   0x00001328   0x000002fc   Code   RO          975    .text               c_w.l(_printf_fp_hex.o)
    0x00001624   0x00001624   0x0000002c   Code   RO          980    .text               c_w.l(_printf_char.o)
    0x00001650   0x00001650   0x0000002c   Code   RO          982    .text               c_w.l(_printf_wchar.o)
    0x0000167c   0x0000167c   0x00000048   Code   RO          985    .text               c_w.l(_c16rtomb.o)
    0x000016c4   0x000016c4   0x0000004a   Code   RO          987    .text               c_w.l(sys_stackheap_outer.o)
    0x0000170e   0x0000170e   0x00000002   PAD
    0x00001710   0x00001710   0x00000010   Code   RO          989    .text               c_w.l(rt_ctype_table.o)
    0x00001720   0x00001720   0x0000000a   Code   RO          996    .text               c_w.l(rt_locale_twolibspace.o)
    0x0000172a   0x0000172a   0x00000002   PAD
    0x0000172c   0x0000172c   0x00000080   Code   RO          998    .text               c_w.l(_printf_fp_infnan.o)
    0x000017ac   0x000017ac   0x000000e4   Code   RO         1000    .text               c_w.l(bigflt0.o)
    0x00001890   0x00001890   0x00000012   Code   RO         1030    .text               c_w.l(exit.o)
    0x000018a2   0x000018a2   0x00000002   PAD
    0x000018a4   0x000018a4   0x00000008   Code   RO         1045    .text               c_w.l(libspace.o)
    0x000018ac   0x000018ac   0x0000000c   Code   RO         1108    .text               c_w.l(sys_exit.o)
    0x000018b8   0x000018b8   0x00000002   Code   RO         1131    .text               c_w.l(use_no_semi.o)
    0x000018ba   0x000018ba   0x00000000   Code   RO         1133    .text               c_w.l(indicate_semi.o)
    0x000018ba   0x000018ba   0x00000002   PAD
    0x000018bc   0x000018bc   0x00000016   Code   RO           69    .text.$Sub$$_fp_init  clib_os.o
    0x000018d2   0x000018d2   0x00000002   PAD
    0x000018d4   0x000018d4   0x00000052   Code   RO           28    .text.BeepBuzzer    main.o
    0x00001926   0x00001926   0x00000002   PAD
    0x00001928   0x00001928   0x000000fe   Code   RO           38    .text.GPIOC_Handler  main.o
    0x00001a26   0x00001a26   0x00000002   PAD
    0x00001a28   0x00001a28   0x0000002a   Code   RO           36    .text.GPIOD_Handler  main.o
    0x00001a52   0x00001a52   0x00000002   PAD
    0x00001a54   0x00001a54   0x00000028   Code   RO           34    .text.GPIOE_Handler  main.o
    0x00001a7c   0x00001a7c   0x000000b8   Code   RO           22    .text.InitADC       main.o
    0x00001b34   0x00001b34   0x00000058   Code   RO           26    .text.InitBuzzer    main.o
    0x00001b8c   0x00001b8c   0x000001b8   Code   RO           30    .text.InitInputs    main.o
    0x00001d44   0x00001d44   0x0000007a   Code   RO           16    .text.InitRGB       main.o
    0x00001dbe   0x00001dbe   0x00000002   PAD
    0x00001dc0   0x00001dc0   0x0000004e   Code   RO           18    .text.InitUltrasonic  main.o
    0x00001e0e   0x00001e0e   0x00000002   PAD
    0x00001e10   0x00001e10   0x0000002a   Code   RO            8    .text.LCD_Command   main.o
    0x00001e3a   0x00001e3a   0x00000002   PAD
    0x00001e3c   0x00001e3c   0x0000002a   Code   RO           10    .text.LCD_Data      main.o
    0x00001e66   0x00001e66   0x00000002   PAD
    0x00001e68   0x00001e68   0x00000024   Code   RO            2    .text.LCD_DelayUs   main.o
    0x00001e8c   0x00001e8c   0x00000128   Code   RO           14    .text.LCD_Init      main.o
    0x00001fb4   0x00001fb4   0x00000022   Code   RO           12    .text.LCD_Print     main.o
    0x00001fd6   0x00001fd6   0x00000002   PAD
    0x00001fd8   0x00001fd8   0x00000032   Code   RO            4    .text.LCD_PulseEnable  main.o
    0x0000200a   0x0000200a   0x00000002   PAD
    0x0000200c   0x0000200c   0x00000062   Code   RO            6    .text.LCD_SendByte  main.o
    0x0000206e   0x0000206e   0x00000002   PAD
    0x00002070   0x00002070   0x000000e2   Code   RO           20    .text.MeasureDistance  main.o
    0x00002152   0x00002152   0x00000002   PAD
    0x00002154   0x00002154   0x00000060   Code   RO          409    .text.PendSV_Handler  port.o
    0x000021b4   0x000021b4   0x00000046   Code   RO           24    .text.ReadADC       main.o
    0x000021fa   0x000021fa   0x00000002   PAD
    0x000021fc   0x000021fc   0x00000020   Code   RO          405    .text.SVC_Handler   port.o
    0x0000221c   0x0000221c   0x0000001e   Code   RO           96    .text.SysTick_Handler  cmsis_os2.o
    0x0000223a   0x0000223a   0x00000002   PAD
    0x0000223c   0x0000223c   0x0000010c   Code   RO          334    .text.SystemInit    system_tm4c123.o
    0x00002348   0x00002348   0x00000030   Code   RO           32    .text.__NVIC_EnableIRQ  main.o
    0x00002378   0x00002378   0x00000028   Code   RO           77    .text._mutex_acquire  clib_os.o
    0x000023a0   0x000023a0   0x00000054   Code   RO           83    .text._mutex_free   clib_os.o
    0x000023f4   0x000023f4   0x000000a8   Code   RO           75    .text._mutex_initialize  clib_os.o
    0x0000249c   0x0000249c   0x0000002a   Code   RO           81    .text._mutex_release  clib_os.o
    0x000024c6   0x000024c6   0x00000002   PAD
    0x000024c8   0x000024c8   0x00000002   Code   RO           67    .text._platform_post_stackheap_init  clib_os.o
    0x000024ca   0x000024ca   0x00000002   PAD
    0x000024cc   0x000024cc   0x00000020   Code   RO           79    .text.is_thread_mode  clib_os.o
    0x000024ec   0x000024ec   0x000000b0   Code   RO           48    .text.main          main.o
    0x0000259c   0x0000259c   0x00000020   Code   RO           73    .text.os_kernel_is_active  clib_os.o
    0x000025bc   0x000025bc   0x0000010e   Code   RO          580    .text.prvAddCurrentTaskToDelayedList  tasks.o
    0x000026ca   0x000026ca   0x00000002   PAD
    0x000026cc   0x000026cc   0x00000170   Code   RO          564    .text.prvAddNewTaskToReadyList  tasks.o
    0x0000283c   0x0000283c   0x0000007e   Code   RO          742    .text.prvCheckForValidListAndQueue  timers.o
    0x000028ba   0x000028ba   0x00000002   PAD
    0x000028bc   0x000028bc   0x0000005a   Code   RO          614    .text.prvCheckTasksWaitingTermination  tasks.o
    0x00002916   0x00002916   0x00000002   PAD
    0x00002918   0x00002918   0x00000042   Code   RO          517    .text.prvCopyDataFromQueue  queue.o
    0x0000295a   0x0000295a   0x00000002   PAD
    0x0000295c   0x0000295c   0x000000cc   Code   RO          505    .text.prvCopyDataToQueue  queue.o
    0x00002a28   0x00002a28   0x000000d8   Code   RO          610    .text.prvCreateIdleTasks  tasks.o
    0x00002b00   0x00002b00   0x000000aa   Code   RO          562    .text.prvCreateStaticTask  tasks.o
    0x00002baa   0x00002baa   0x00000002   PAD
    0x00002bac   0x00002bac   0x0000008e   Code   RO          568    .text.prvCreateTask  tasks.o
    0x00002c3a   0x00002c3a   0x00000002   PAD
    0x00002c3c   0x00002c3c   0x00000050   Code   RO          574    .text.prvDeleteTCB  tasks.o
    0x00002c8c   0x00002c8c   0x00000026   Code   RO          521    .text.prvGetHighestPriorityOfWaitToReceiveList  queue.o
    0x00002cb2   0x00002cb2   0x00000002   PAD
    0x00002cb4   0x00002cb4   0x00000040   Code   RO          788    .text.prvGetNextExpireTime  timers.o
    0x00002cf4   0x00002cf4   0x000000aa   Code   RO          439    .text.prvHeapInit   heap_4.o
    0x00002d9e   0x00002d9e   0x00000002   PAD
    0x00002da0   0x00002da0   0x00000038   Code   RO          704    .text.prvIdleTask   tasks.o
    0x00002dd8   0x00002dd8   0x0000002c   Code   RO          485    .text.prvInitialiseMutex  queue.o
    0x00002e04   0x00002e04   0x00000048   Code   RO          477    .text.prvInitialiseNewQueue  queue.o
    0x00002e4c   0x00002e4c   0x00000108   Code   RO          700    .text.prvInitialiseNewTask  tasks.o
    0x00002f54   0x00002f54   0x0000008e   Code   RO          702    .text.prvInitialiseTaskLists  tasks.o
    0x00002fe2   0x00002fe2   0x00000002   PAD
    0x00002fe4   0x00002fe4   0x00000118   Code   RO          443    .text.prvInsertBlockIntoFreeList  heap_4.o
    0x000030fc   0x000030fc   0x00000086   Code   RO          802    .text.prvInsertTimerInActiveList  timers.o
    0x00003182   0x00003182   0x00000002   PAD
    0x00003184   0x00003184   0x00000028   Code   RO          519    .text.prvIsQueueEmpty  queue.o
    0x000031ac   0x000031ac   0x0000002e   Code   RO          507    .text.prvIsQueueFull  queue.o
    0x000031da   0x000031da   0x00000002   PAD
    0x000031dc   0x000031dc   0x00000028   Code   RO          415    .text.prvPortStartFirstTask  port.o
    0x00003204   0x00003204   0x00000054   Code   RO          796    .text.prvProcessExpiredTimer  timers.o
    0x00003258   0x00003258   0x0000017a   Code   RO          792    .text.prvProcessReceivedCommands  timers.o
    0x000033d2   0x000033d2   0x00000002   PAD
    0x000033d4   0x000033d4   0x0000009a   Code   RO          790    .text.prvProcessTimerOrBlockTask  timers.o
    0x0000346e   0x0000346e   0x00000002   PAD
    0x00003470   0x00003470   0x00000034   Code   RO          800    .text.prvReloadTimer  timers.o
    0x000034a4   0x000034a4   0x0000003c   Code   RO          572    .text.prvResetNextTaskUnblockTime  tasks.o
    0x000034e0   0x000034e0   0x00000044   Code   RO          794    .text.prvSampleTimeNow  timers.o
    0x00003524   0x00003524   0x00000052   Code   RO          798    .text.prvSwitchTimerLists  timers.o
    0x00003576   0x00003576   0x00000002   PAD
    0x00003578   0x00003578   0x0000003e   Code   RO          403    .text.prvTaskExitError  port.o
    0x000035b6   0x000035b6   0x00000002   PAD
    0x000035b8   0x000035b8   0x0000001e   Code   RO          744    .text.prvTimerTask  timers.o
    0x000035d6   0x000035d6   0x00000002   PAD
    0x000035d8   0x000035d8   0x000000ae   Code   RO          509    .text.prvUnlockQueue  queue.o
    0x00003686   0x00003686   0x00000002   PAD
    0x00003688   0x00003688   0x000002b8   Code   RO          437    .text.pvPortMalloc  heap_4.o
    0x00003940   0x00003940   0x00000024   Code   RO          678    .text.pvTaskIncrementMutexHeldCount  tasks.o
    0x00003964   0x00003964   0x0000005e   Code   RO          401    .text.pxPortInitialiseStack  port.o
    0x000039c2   0x000039c2   0x00000002   PAD
    0x000039c4   0x000039c4   0x00000048   Code   RO          392    .text.uxListRemove  list.o
    0x00003a0c   0x00003a0c   0x0000002a   Code   RO          694    .text.vApplicationGetIdleTaskMemory  tasks.o
    0x00003a36   0x00003a36   0x00000002   PAD
    0x00003a38   0x00003a38   0x0000002a   Code   RO          696    .text.vApplicationGetTimerTaskMemory  tasks.o
    0x00003a62   0x00003a62   0x00000002   PAD
    0x00003a64   0x00003a64   0x00000010   Code   RO          250    .text.vApplicationStackOverflowHook  cmsis_os2.o
    0x00003a74   0x00003a74   0x000000c4   Code   RO           44    .text.vBuzzerTask   main.o
    0x00003b38   0x00003b38   0x0000017c   Code   RO           46    .text.vDisplayTask  main.o
    0x00003cb4   0x00003cb4   0x0000002e   Code   RO          384    .text.vListInitialise  list.o
    0x00003ce2   0x00003ce2   0x00000002   PAD
    0x00003ce4   0x00003ce4   0x0000000e   Code   RO          386    .text.vListInitialiseItem  list.o
    0x00003cf2   0x00003cf2   0x00000002   PAD
    0x00003cf4   0x00003cf4   0x0000006a   Code   RO          390    .text.vListInsert   list.o
    0x00003d5e   0x00003d5e   0x00000002   PAD
    0x00003d60   0x00003d60   0x00000014   Code   RO          413    .text.vPortEnableVFP  port.o
    0x00003d74   0x00003d74   0x00000048   Code   RO          419    .text.vPortEnterCritical  port.o
    0x00003dbc   0x00003dbc   0x0000003c   Code   RO          421    .text.vPortExitCritical  port.o
    0x00003df8   0x00003df8   0x000000de   Code   RO          441    .text.vPortFree     heap_4.o
    0x00003ed6   0x00003ed6   0x00000002   PAD
    0x00003ed8   0x00003ed8   0x00000044   Code   RO          411    .text.vPortSetupTimerInterrupt  port.o
    0x00003f1c   0x00003f1c   0x00000030   Code   RO          535    .text.vQueueDelete  queue.o
    0x00003f4c   0x00003f4c   0x00000064   Code   RO          551    .text.vQueueWaitForMessageRestricted  queue.o
    0x00003fb0   0x00003fb0   0x000000a8   Code   RO           42    .text.vSpeedTask    main.o
    0x00004058   0x00004058   0x00000062   Code   RO          584    .text.vTaskDelay    tasks.o
    0x000040ba   0x000040ba   0x00000002   PAD
    0x000040bc   0x000040bc   0x00000024   Code   RO          648    .text.vTaskInternalSetTimeOutState  tasks.o
    0x000040e0   0x000040e0   0x0000000e   Code   RO          652    .text.vTaskMissedYield  tasks.o
    0x000040ee   0x000040ee   0x00000002   PAD
    0x000040f0   0x000040f0   0x00000034   Code   RO          636    .text.vTaskPlaceOnEventList  tasks.o
    0x00004124   0x00004124   0x00000072   Code   RO          640    .text.vTaskPlaceOnEventListRestricted  tasks.o
    0x00004196   0x00004196   0x00000002   PAD
    0x00004198   0x00004198   0x00000166   Code   RO          674    .text.vTaskPriorityDisinheritAfterTimeout  tasks.o
    0x000042fe   0x000042fe   0x00000002   PAD
    0x00004300   0x00004300   0x00000082   Code   RO          608    .text.vTaskStartScheduler  tasks.o
    0x00004382   0x00004382   0x00000002   PAD
    0x00004384   0x00004384   0x00000010   Code   RO          578    .text.vTaskSuspendAll  tasks.o
    0x00004394   0x00004394   0x00000138   Code   RO          600    .text.vTaskSwitchContext  tasks.o
    0x000044cc   0x000044cc   0x00000030   Code   RO           40    .text.vUltrasonicTask  main.o
    0x000044fc   0x000044fc   0x000001ac   Code   RO          407    .text.xPortStartScheduler  port.o
    0x000046a8   0x000046a8   0x0000003e   Code   RO          423    .text.xPortSysTickHandler  port.o
    0x000046e6   0x000046e6   0x00000002   PAD
    0x000046e8   0x000046e8   0x00000026   Code   RO          483    .text.xQueueCreateMutex  queue.o
    0x0000470e   0x0000470e   0x00000002   PAD
    0x00004710   0x00004710   0x00000032   Code   RO          487    .text.xQueueCreateMutexStatic  queue.o
    0x00004742   0x00004742   0x00000002   PAD
    0x00004744   0x00004744   0x00000094   Code   RO          481    .text.xQueueGenericCreate  queue.o
    0x000047d8   0x000047d8   0x0000009e   Code   RO          475    .text.xQueueGenericCreateStatic  queue.o
    0x00004876   0x00004876   0x00000002   PAD
    0x00004878   0x00004878   0x000000ec   Code   RO          473    .text.xQueueGenericReset  queue.o
    0x00004964   0x00004964   0x000001f4   Code   RO          495    .text.xQueueGenericSend  queue.o
    0x00004b58   0x00004b58   0x000001b2   Code   RO          515    .text.xQueueReceive  queue.o
    0x00004d0a   0x00004d0a   0x00000002   PAD
    0x00004d0c   0x00004d0c   0x000001e6   Code   RO          499    .text.xQueueSemaphoreTake  queue.o
    0x00004ef2   0x00004ef2   0x00000002   PAD
    0x00004ef4   0x00004ef4   0x000000e0   Code   RO          650    .text.xTaskCheckForTimeOut  tasks.o
    0x00004fd4   0x00004fd4   0x00000052   Code   RO          566    .text.xTaskCreate   tasks.o
    0x00005026   0x00005026   0x00000002   PAD
    0x00005028   0x00005028   0x0000005c   Code   RO          560    .text.xTaskCreateStatic  tasks.o
    0x00005084   0x00005084   0x00000038   Code   RO          668    .text.xTaskGetSchedulerState  tasks.o
    0x000050bc   0x000050bc   0x00000014   Code   RO          618    .text.xTaskGetTickCount  tasks.o
    0x000050d0   0x000050d0   0x00000276   Code   RO          616    .text.xTaskIncrementTick  tasks.o
    0x00005346   0x00005346   0x00000002   PAD
    0x00005348   0x00005348   0x0000011e   Code   RO          672    .text.xTaskPriorityDisinherit  tasks.o
    0x00005466   0x00005466   0x00000002   PAD
    0x00005468   0x00005468   0x0000015c   Code   RO          670    .text.xTaskPriorityInherit  tasks.o
    0x000055c4   0x000055c4   0x000001a2   Code   RO          642    .text.xTaskRemoveFromEventList  tasks.o
    0x00005766   0x00005766   0x00000002   PAD
    0x00005768   0x00005768   0x00000248   Code   RO          582    .text.xTaskResumeAll  tasks.o
    0x000059b0   0x000059b0   0x00000086   Code   RO          740    .text.xTimerCreateTimerTask  timers.o
    0x00005a36   0x00005a36   0x0000003e   Code   RO         1003    CL$$btod_d2e        c_w.l(btod.o)
    0x00005a74   0x00005a74   0x00000046   Code   RO         1005    CL$$btod_d2e_denorm_low  c_w.l(btod.o)
    0x00005aba   0x00005aba   0x00000060   Code   RO         1004    CL$$btod_d2e_norm_op1  c_w.l(btod.o)
    0x00005b1a   0x00005b1a   0x00000002   PAD
    0x00005b1c   0x00005b1c   0x00000338   Code   RO         1013    CL$$btod_div_common  c_w.l(btod.o)
    0x00005e54   0x00005e54   0x000000dc   Code   RO         1010    CL$$btod_e2e        c_w.l(btod.o)
    0x00005f30   0x00005f30   0x0000002a   Code   RO         1007    CL$$btod_ediv       c_w.l(btod.o)
    0x00005f5a   0x00005f5a   0x0000002a   Code   RO         1006    CL$$btod_emul       c_w.l(btod.o)
    0x00005f84   0x00005f84   0x00000244   Code   RO         1012    CL$$btod_mult_common  c_w.l(btod.o)
    0x000061c8   0x000061c8   0x00000030   Code   RO         1043    i.__ARM_fpclassify  m_wm.l(fpclassify.o)
    0x000061f8   0x000061f8   0x0000000e   Code   RO          905    i._is_digit         c_w.l(__printf_wp.o)
    0x00006206   0x00006206   0x00000002   PAD
    0x00006208   0x00006208   0x0000002c   Code   RO         1028    locale$$code        c_w.l(lc_numeric_c.o)
    0x00006234   0x00006234   0x0000002c   Code   RO         1055    locale$$code        c_w.l(lc_ctype_c.o)
    0x00006260   0x00006260   0x0000001a   Code   RO          840    x$fpl$fpinit        fz_wm.l(fpinit.o)
    0x0000627a   0x0000627a   0x00000004   Code   RO          942    x$fpl$printf1       fz_wm.l(printf1.o)
    0x0000627e   0x0000627e   0x00000004   Code   RO          944    x$fpl$printf2       fz_wm.l(printf2.o)
    0x00006282   0x00006282   0x00000000   Code   RO         1042    x$fpl$usenofp       fz_wm.l(usenofp.o)
    0x00006282   0x00006282   0x00000002   PAD
    0x00006284   0x00006284   0x00000008   Data   RO          864    .constdata          c_w.l(_printf_wctomb.o)
    0x0000628c   0x0000628c   0x00000028   Data   RO          893    .constdata          c_w.l(_printf_hex_int_ll_ptr.o)
    0x000062b4   0x000062b4   0x00000011   Data   RO          913    .constdata          c_w.l(__printf_flags_ss_wp.o)
    0x000062c5   0x000062c5   0x00000026   Data   RO          976    .constdata          c_w.l(_printf_fp_hex.o)
    0x000062eb   0x000062eb   0x00000001   PAD
    0x000062ec   0x000062ec   0x00000094   Data   RO         1001    .constdata          c_w.l(bigflt0.o)
    0x00006380   0x00006380   0x00000096   Data   RO           58    .rodata.str1.1      main.o
    0x00006416   0x00006416   0x00000005   Data   RO          732    .rodata.str1.1      tasks.o
    0x0000641b   0x0000641b   0x00000008   Data   RO          805    .rodata.str1.1      timers.o
    0x00006423   0x00006423   0x00000001   PAD
    0x00006424   0x00006424   0x00000004   Data   RO          723    .rodata.uxTopUsedPriority  tasks.o
    0x00006428   0x00006428   0x00000020   Data   RO         1186    Region$$Table       anon$$obj.o
    0x00006448   0x00006448   0x0000001c   Data   RO         1027    locale$$data        c_w.l(lc_numeric_c.o)
    0x00006464   0x00006464   0x00000110   Data   RO         1054    locale$$data        c_w.l(lc_ctype_c.o)


    Execution Region ER_RW (Exec base: 0x20000000, Load base: 0x00006574, Size: 0x0000000c, Max: 0xffffffff, ABSOLUTE)

    Exec Addr    Load Addr    Size         Type   Attr      Idx    E Section Name        Object

    0x20000000   0x00006574   0x00000004   Data   RW          336    .data.SystemCoreClock  system_tm4c123.o
    0x20000004   0x00006578   0x00000002   Data   RW           57    .data.gearState     main.o
    0x20000006   0x0000657a   0x00000002   PAD
    0x20000008   0x0000657c   0x00000004   Data   RW          429    .data.uxCriticalNesting  port.o


    Execution Region ER_ZI (Exec base: 0x20000010, Load base: 0x00006580, Size: 0x00002ed0, Max: 0xffffffff, ABSOLUTE)

    Exec Addr    Load Addr    Size         Type   Attr      Idx    E Section Name        Object

    0x20000010        -       0x00000060   Zero   RW         1046    .bss                c_w.l(libspace.o)
    0x20000070        -       0x00000190   Zero   RW           88    .bss.clib_mutex_cb  clib_os.o
    0x20000200        -       0x00000014   Zero   RW           87    .bss.clib_mutex_id  clib_os.o
    0x20000214        -       0x00000004   Zero   RW           50    .bss.distanceValue  main.o
    0x20000218        -       0x00000001   Zero   RW           54    .bss.doorEvent      main.o
    0x20000219        -       0x00000001   Zero   RW           52    .bss.doorsLocked    main.o
    0x2000021a        -       0x00000001   Zero   RW           56    .bss.gearEvent      main.o
    0x2000021b        -       0x00000001   Zero   RW           55    .bss.ignitionEvent  main.o
    0x2000021c        -       0x00000001   Zero   RW           53    .bss.ignitionOn     main.o
    0x2000021d        -       0x00000050   Zero   RW          813    .bss.prvCheckForValidListAndQueue.ucStaticTimerQueueStorage  timers.o
    0x2000026d   0x00006580   0x00000003   PAD
    0x20000270        -       0x00000050   Zero   RW          812    .bss.prvCheckForValidListAndQueue.xStaticTimerQueue  timers.o
    0x200002c0        -       0x00000004   Zero   RW          809    .bss.prvSampleTimeNow.xLastTime  timers.o
    0x200002c4        -       0x00000004   Zero   RW          706    .bss.pxCurrentTCB   tasks.o
    0x200002c8        -       0x00000004   Zero   RW          807    .bss.pxCurrentTimerList  timers.o
    0x200002cc        -       0x00000004   Zero   RW          714    .bss.pxDelayedTaskList  tasks.o
    0x200002d0        -       0x00000004   Zero   RW          459    .bss.pxEnd          heap_4.o
    0x200002d4        -       0x00000004   Zero   RW          715    .bss.pxOverflowDelayedTaskList  tasks.o
    0x200002d8        -       0x00000004   Zero   RW          808    .bss.pxOverflowTimerList  timers.o
    0x200002dc        -       0x00000460   Zero   RW          718    .bss.pxReadyTasksLists  tasks.o
    0x2000073c        -       0x00000004   Zero   RW           51    .bss.speedValue     main.o
    0x20000740        -       0x00002000   Zero   RW          462    .bss.ucHeap         heap_4.o
    0x20002740        -       0x00000001   Zero   RW          427    .bss.ucMaxSysCallPriority  port.o
    0x20002741   0x00006580   0x00000003   PAD
    0x20002744        -       0x00000004   Zero   RW          428    .bss.ulMaxPRIGROUPValue  port.o
    0x20002748        -       0x00000004   Zero   RW          711    .bss.uxCurrentNumberOfTasks  tasks.o
    0x2000274c        -       0x00000004   Zero   RW          710    .bss.uxDeletedTasksWaitingCleanUp  tasks.o
    0x20002750        -       0x00000004   Zero   RW          712    .bss.uxSchedulerSuspended  tasks.o
    0x20002754        -       0x00000004   Zero   RW          707    .bss.uxTaskNumber   tasks.o
    0x20002758        -       0x00000004   Zero   RW          719    .bss.uxTopReadyPriority  tasks.o
    0x2000275c        -       0x00000200   Zero   RW          727    .bss.vApplicationGetIdleTaskMemory.uxIdleTaskStack  tasks.o
    0x2000295c        -       0x0000005c   Zero   RW          726    .bss.vApplicationGetIdleTaskMemory.xIdleTaskTCB  tasks.o
    0x200029b8        -       0x00000200   Zero   RW          729    .bss.vApplicationGetTimerTaskMemory.uxTimerTaskStack  tasks.o
    0x20002bb8        -       0x0000005c   Zero   RW          728    .bss.vApplicationGetTimerTaskMemory.xTimerTaskTCB  tasks.o
    0x20002c14        -       0x00000014   Zero   RW          810    .bss.xActiveTimerList1  timers.o
    0x20002c28        -       0x00000014   Zero   RW          811    .bss.xActiveTimerList2  timers.o
    0x20002c3c        -       0x00000014   Zero   RW          730    .bss.xDelayedTaskList1  tasks.o
    0x20002c50        -       0x00000014   Zero   RW          731    .bss.xDelayedTaskList2  tasks.o
    0x20002c64        -       0x00000004   Zero   RW          460    .bss.xFreeBytesRemaining  heap_4.o
    0x20002c68        -       0x00000004   Zero   RW          722    .bss.xIdleTaskHandles  tasks.o
    0x20002c6c        -       0x00000004   Zero   RW          463    .bss.xMinimumEverFreeBytesRemaining  heap_4.o
    0x20002c70        -       0x00000004   Zero   RW          721    .bss.xNextTaskUnblockTime  tasks.o
    0x20002c74        -       0x00000004   Zero   RW          725    .bss.xNumOfOverflows  tasks.o
    0x20002c78        -       0x00000004   Zero   RW          464    .bss.xNumberOfSuccessfulAllocations  heap_4.o
    0x20002c7c        -       0x00000004   Zero   RW          465    .bss.xNumberOfSuccessfulFrees  heap_4.o
    0x20002c80        -       0x00000004   Zero   RW          724    .bss.xPendedTicks   tasks.o
    0x20002c84        -       0x00000014   Zero   RW          716    .bss.xPendingReadyList  tasks.o
    0x20002c98        -       0x00000004   Zero   RW          708    .bss.xSchedulerRunning  tasks.o
    0x20002c9c        -       0x00000008   Zero   RW          461    .bss.xStart         heap_4.o
    0x20002ca4        -       0x00000014   Zero   RW          717    .bss.xSuspendedTaskList  tasks.o
    0x20002cb8        -       0x00000014   Zero   RW          709    .bss.xTasksWaitingTermination  tasks.o
    0x20002ccc        -       0x00000004   Zero   RW          713    .bss.xTickCount     tasks.o
    0x20002cd0        -       0x00000004   Zero   RW          804    .bss.xTimerQueue    timers.o
    0x20002cd4        -       0x00000004   Zero   RW          806    .bss.xTimerTaskHandle  timers.o
    0x20002cd8        -       0x00000004   Zero   RW          720    .bss.xYieldPendings  tasks.o
    0x20002cdc   0x00006580   0x00000004   PAD
    0x20002ce0        -       0x00000000   Zero   RW          321    HEAP                startup_tm4c123.o
    0x20002ce0        -       0x00000200   Zero   RW          320    STACK               startup_tm4c123.o


==============================================================================

Image component sizes


      Code (inc. data)   RO Data    RW Data    ZI Data      Debug   Object Name

       422          0          0          0        420       4252   clib_os.o
        46          0          0          0          0      29819   cmsis_os2.o
      1368          0          0          0       8220       4780   heap_4.o
       238          0          0          0          0       2292   list.o
      3240          0        150          2         13      13602   main.o
      1034         16          0          4          5       3679   port.o
      2882          0          0          0          0      15408   queue.o
       276         24        620          0        512       5436   startup_tm4c123.o
       268          0          0          4          0       6748   system_tm4c123.o
      5848          0          9          0       2488      27914   tasks.o
      1306         10          8          0        220      11422   timers.o

    ----------------------------------------------------------------------
     17038         50        820         12      11888     125352   Object Totals
         0          0         32          0          0          0   (incl. Generated)
       110          0          1          2         10          0   (incl. Padding)

    ----------------------------------------------------------------------

      Code (inc. data)   RO Data    RW Data    ZI Data      Debug   Library Member Name

         8          0          0          0          0         68   __main.o
       392          4         17          0          0         92   __printf_flags_ss_wp.o
        14          0          0          0          0         68   __printf_wp.o
         0          0          0          0          0          0   __rtentry.o
        20          0          0          0          0          0   __rtentry2.o
         6          0          0          0          0          0   __rtentry4.o
        52          8          0          0          0          0   __scatter.o
        26          0          0          0          0          0   __scatter_copy.o
        28          0          0          0          0          0   __scatter_zi.o
        72          0          0          0          0         96   _c16rtomb.o
         6          0          0          0          0          0   _printf_a.o
         6          0          0          0          0          0   _printf_c.o
        44          0          0          0          0        108   _printf_char.o
        48          6          0          0          0         96   _printf_char_common.o
        40          0          0          0          0         68   _printf_charcount.o
         6          0          0          0          0          0   _printf_d.o
       120         16          0          0          0         92   _printf_dec.o
         6          0          0          0          0          0   _printf_e.o
         6          0          0          0          0          0   _printf_f.o
      1052          0          0          0          0        148   _printf_fp_dec.o
       764          8         38          0          0        100   _printf_fp_hex.o
       128         16          0          0          0         84   _printf_fp_infnan.o
         6          0          0          0          0          0   _printf_g.o
       148          4         40          0          0        160   _printf_hex_int_ll_ptr.o
         6          0          0          0          0          0   _printf_i.o
       178          0          0          0          0         88   _printf_intcommon.o
        10          0          0          0          0          0   _printf_l.o
         6          0          0          0          0          0   _printf_lc.o
        10          0          0          0          0          0   _printf_ll.o
         6          0          0          0          0          0   _printf_lld.o
         6          0          0          0          0          0   _printf_lli.o
         6          0          0          0          0          0   _printf_llo.o
         6          0          0          0          0          0   _printf_llu.o
         6          0          0          0          0          0   _printf_llx.o
       124         16          0          0          0         92   _printf_longlong_dec.o
         6          0          0          0          0          0   _printf_ls.o
         6          0          0          0          0          0   _printf_n.o
         6          0          0          0          0          0   _printf_o.o
       112          8          0          0          0        124   _printf_oct_int_ll.o
         6          0          0          0          0          0   _printf_p.o
        78          0          0          0          0        108   _printf_pad.o
         0          0          0          0          0          0   _printf_percent.o
         4          0          0          0          0          0   _printf_percent_end.o
         6          0          0          0          0          0   _printf_s.o
        82          0          0          0          0         80   _printf_str.o
        36          0          0          0          0         84   _printf_truncate.o
         6          0          0          0          0          0   _printf_u.o
        44          0          0          0          0        108   _printf_wchar.o
       188          6          8          0          0         92   _printf_wctomb.o
         6          0          0          0          0          0   _printf_x.o
        16          0          0          0          0         68   _snputc.o
        16          0          0          0          0         68   aeabi_memset4.o
       228          4        148          0          0         96   bigflt0.o
      1936        128          0          0          0        668   btod.o
        18          0          0          0          0         80   exit.o
         6          0          0          0          0        152   heapauxi.o
         0          0          0          0          0          0   indicate_semi.o
        44         10        272          0          0         76   lc_ctype_c.o
        44         10         28          0          0         76   lc_numeric_c.o
         2          0          0          0          0          0   libinit.o
        34          0          0          0          0          0   libinit2.o
         2          0          0          0          0          0   libshutdown.o
         2          0          0          0          0          0   libshutdown2.o
         8          4          0          0         96         68   libspace.o
       138          0          0          0          0         80   lludiv10.o
       240          0          0          0          0        100   lludivv7m.o
        16          4          0          0          0         76   rt_ctype_table.o
        10          0          0          0          0         76   rt_locale_twolibspace.o
        68          0          0          0          0         68   rt_memclr.o
        78          0          0          0          0         80   rt_memclr_w.o
       138          0          0          0          0         68   rt_memcpy_v6.o
       100          0          0          0          0         80   rt_memcpy_w.o
         2          0          0          0          0          0   rtexit.o
        10          0          0          0          0          0   rtexit2.o
        64          6          0          0          0         84   snprintf.o
       124          0          0          0          0         88   strcmpv7em.o
        72          0          0          0          0         80   strcpy.o
        12          4          0          0          0         68   sys_exit.o
        74          0          0          0          0         80   sys_stackheap_outer.o
         2          0          0          0          0         68   use_no_semi.o
        26          0          0          0          0        116   fpinit.o
         4          0          0          0          0        116   printf1.o
         4          0          0          0          0        116   printf2.o
         0          0          0          0          0          0   usenofp.o
        48          0          0          0          0        124   fpclassify.o

    ----------------------------------------------------------------------
      7562        262        552          0         96       4876   Library Totals
        28          0          1          0          0          0   (incl. Padding)

    ----------------------------------------------------------------------

      Code (inc. data)   RO Data    RW Data    ZI Data      Debug   Library Name

      7452        262        551          0         96       4404   c_w.l
        34          0          0          0          0        348   fz_wm.l
        48          0          0          0          0        124   m_wm.l

    ----------------------------------------------------------------------
      7562        262        552          0         96       4876   Library Totals

    ----------------------------------------------------------------------

==============================================================================


      Code (inc. data)   RO Data    RW Data    ZI Data      Debug   

     24600        312       1372         12      11984     127456   Grand Totals
     24600        312       1372         12      11984     127456   ELF Image Totals
     24600        312       1372         12          0          0   ROM Totals

==============================================================================

    Total RO  Size (Code + RO Data)                25972 (  25.36kB)
    Total RW  Size (RW Data + ZI Data)             11996 (  11.71kB)
    Total ROM Size (Code + RO Data + RW Data)      25984 (  25.38kB)

==============================================================================

